Archive member included to satisfy reference by file (symbol)

hw_include/libdriver.a(gpio_dirmodeset_.o)
                              gcc/config.o (GPIODirModeSet)
hw_include/libdriver.a(gpio_pintypei2c_.o)
                              gcc/osram96x16.o (GPIOPinTypeI2C)
hw_include/libdriver.a(i2c_mastercontrol_.o)
                              gcc/osram96x16.o (I2CMasterControl)
hw_include/libdriver.a(i2c_masterdataput_.o)
                              gcc/osram96x16.o (I2CMasterDataPut)
hw_include/libdriver.a(i2c_masterinit_.o)
                              gcc/osram96x16.o (I2CMasterInit)
hw_include/libdriver.a(i2c_masterintstatus_.o)
                              gcc/osram96x16.o (I2CMasterIntStatus)
hw_include/libdriver.a(i2c_masterslaveaddrset_.o)
                              gcc/osram96x16.o (I2CMasterSlaveAddrSet)
hw_include/libdriver.a(interrupt_enable_.o)
                              gcc/config.o (IntEnable)
hw_include/libdriver.a(interrupt_priorityset_.o)
                              gcc/config.o (IntPrioritySet)
hw_include/libdriver.a(interrupt_pulregs_.o)
                              hw_include/libdriver.a(interrupt_priorityset_.o) (g_pulRegs)
hw_include/libdriver.a(sysctl_clockget_.o)
                              hw_include/libdriver.a(i2c_masterinit_.o) (SysCtlClockGet)
hw_include/libdriver.a(sysctl_clockset_.o)
                              gcc/config.o (SysCtlClockSet)
hw_include/libdriver.a(sysctl_peripheralenable_.o)
                              gcc/osram96x16.o (SysCtlPeripheralEnable)
hw_include/libdriver.a(sysctl_pulrcgcregs_.o)
                              hw_include/libdriver.a(sysctl_peripheralenable_.o) (g_pulRCGCRegs)
hw_include/libdriver.a(sysctl_pulxtals_.o)
                              hw_include/libdriver.a(sysctl_clockget_.o) (g_pulXtals)
hw_include/libdriver.a(timer_configure_.o)
                              gcc/config.o (TimerConfigure)
hw_include/libdriver.a(timer_enable_.o)
                              gcc/config.o (TimerEnable)
hw_include/libdriver.a(timer_intclear_.o)
                              gcc/config.o (TimerIntClear)
hw_include/libdriver.a(timer_intenable_.o)
                              gcc/config.o (TimerIntEnable)
hw_include/libdriver.a(timer_loadset_.o)
                              gcc/config.o (TimerLoadSet)
hw_include/libdriver.a(uart_charget_.o)
                              gcc/config.o (UARTCharGet)
hw_include/libdriver.a(uart_charput_.o)
                              gcc/stats.o (UARTCharPut)
hw_include/libdriver.a(uart_configset_.o)
                              gcc/config.o (UARTConfigSet)
hw_include/libdriver.a(uart_disable_.o)
                              hw_include/libdriver.a(uart_configset_.o) (UARTDisable)
hw_include/libdriver.a(uart_enable_.o)
                              hw_include/libdriver.a(uart_configset_.o) (UARTEnable)
hw_include/libdriver.a(uart_intclear_.o)
                              gcc/config.o (UARTIntClear)
hw_include/libdriver.a(uart_intstatus_.o)
                              gcc/config.o (UARTIntStatus)
hw_include/libdriver.a(gpio_padconfigset_.o)
                              hw_include/libdriver.a(gpio_pintypei2c_.o) (GPIOPadConfigSet)
hw_include/libdriver.a(i2c_masterenable_.o)
                              hw_include/libdriver.a(i2c_masterinit_.o) (I2CMasterEnable)
/usr/lib/gcc/arm-none-eabi/7.3.1/../../../arm-none-eabi/lib/thumb/libc.a(lib_a-memcpy-stub.o)
                              gcc/queue.o (memcpy)
/usr/lib/gcc/arm-none-eabi/7.3.1/../../../arm-none-eabi/lib/thumb/libc.a(lib_a-memset.o)
                              gcc/tasks.o (memset)
/usr/lib/gcc/arm-none-eabi/7.3.1/../../../arm-none-eabi/lib/thumb/libc.a(lib_a-stpcpy.o)
                              gcc/stats.o (stpcpy)
/usr/lib/gcc/arm-none-eabi/7.3.1/../../../arm-none-eabi/lib/thumb/libc.a(lib_a-strcat.o)
                              gcc/stats.o (strcat)
/usr/lib/gcc/arm-none-eabi/7.3.1/../../../arm-none-eabi/lib/thumb/libc.a(lib_a-strcpy.o)
                              gcc/stats.o (strcpy)
/usr/lib/gcc/arm-none-eabi/7.3.1/../../../arm-none-eabi/lib/thumb/libc.a(lib_a-strlen-stub.o)
                              gcc/stats.o (strlen)

Allocating common symbols
Common symbol       size              file

xUARTQueue          0x4               gcc/main.o
xDisplayQueue       0x4               gcc/main.o
xTempQueue          0x4               gcc/main.o

Memory Configuration

Name             Origin             Length             Attributes
FLASH            0x0000000000000000 0x0000000000010000 xr
SRAM             0x0000000020000000 0x0000000000002000 xrw
*default*        0x0000000000000000 0xffffffffffffffff

Linker script and memory map


.text           0x0000000000000000     0x3c48
 *(.isr_vector)
 .isr_vector    0x0000000000000000       0xb8 gcc/startup.o
                0x0000000000000000                g_pfnVectors
 *(.text*)
 .text          0x00000000000000b8       0x64 gcc/startup.o
                0x00000000000000c4                ResetISR
 .text          0x000000000000011c        0x0 gcc/main.o
 .text.startup  0x000000000000011c       0x10 gcc/main.o
                0x000000000000011c                main
 .text          0x000000000000012c       0x98 gcc/list.o
                0x000000000000012c                vListInitialise
                0x0000000000000144                vListInitialiseItem
                0x000000000000014c                vListInsertEnd
                0x0000000000000168                vListInsert
                0x000000000000019c                uxListRemove
 .text          0x00000000000001c4      0x840 gcc/queue.o
                0x00000000000002e4                xQueueGenericReset
                0x000000000000036c                xQueueGenericCreate
                0x00000000000003b8                xQueueGenericSend
                0x00000000000004cc                xQueueGenericSendFromISR
                0x0000000000000538                xQueueGiveFromISR
                0x0000000000000598                xQueueReceive
                0x00000000000006c4                xQueueSemaphoreTake
                0x00000000000007dc                xQueuePeek
                0x0000000000000900                xQueueReceiveFromISR
                0x0000000000000970                xQueuePeekFromISR
                0x00000000000009a4                uxQueueMessagesWaiting
                0x00000000000009b8                uxQueueSpacesAvailable
                0x00000000000009d0                uxQueueMessagesWaitingFromISR
                0x00000000000009d4                vQueueDelete
                0x00000000000009d8                uxQueueGetQueueNumber
                0x00000000000009dc                vQueueSetQueueNumber
                0x00000000000009e0                ucQueueGetQueueType
                0x00000000000009e8                xQueueIsQueueEmptyFromISR
                0x00000000000009f4                xQueueIsQueueFullFromISR
 .text          0x0000000000000a04     0x12b4 gcc/tasks.o
                0x0000000000000c40                xTaskCreate
                0x0000000000000e18                eTaskGetState
                0x0000000000000e6c                vTaskSuspend
                0x0000000000000f3c                vTaskResume
                0x0000000000000fd8                xTaskResumeFromISR
                0x0000000000001094                vTaskStartScheduler
                0x00000000000010fc                vTaskEndScheduler
                0x000000000000111c                vTaskSuspendAll
                0x0000000000001130                xTaskResumeAll
                0x0000000000001278                xTaskDelayUntil
                0x00000000000012d0                vTaskDelay
                0x000000000000130c                xTaskGetTickCount
                0x0000000000001318                xTaskGetTickCountFromISR
                0x0000000000001324                uxTaskGetNumberOfTasks
                0x0000000000001330                pcTaskGetName
                0x0000000000001340                xTaskCatchUpTicks
                0x0000000000001360                xTaskIncrementTick
                0x0000000000001380                vTaskSwitchContext
                0x0000000000001398                vTaskPlaceOnEventList
                0x00000000000013b8                vTaskPlaceOnUnorderedEventList
                0x00000000000013f8                xTaskRemoveFromEventList
                0x00000000000014bc                vTaskRemoveFromUnorderedEventList
                0x0000000000001554                vTaskSetTimeOutState
                0x0000000000001574                vTaskInternalSetTimeOutState
                0x0000000000001584                xTaskCheckForTimeOut
                0x00000000000015e0                vTaskMissedYield
                0x00000000000015f0                uxTaskGetTaskNumber
                0x00000000000015f8                vTaskSetTaskNumber
                0x0000000000001600                vTaskGetInfo
                0x00000000000016e0                uxTaskGetSystemState
                0x00000000000017b0                uxTaskGetStackHighWaterMark
                0x00000000000017e0                uxTaskResetEventItemValue
                0x00000000000017f8                ulTaskGenericNotifyTake
                0x0000000000001888                xTaskGenericNotifyWait
                0x0000000000001930                xTaskGenericNotify
                0x0000000000001a38                xTaskGenericNotifyFromISR
                0x0000000000001b64                vTaskGenericNotifyGiveFromISR
                0x0000000000001c54                xTaskGenericNotifyStateClear
                0x0000000000001c88                ulTaskGenericNotifyValueClear
 *fill*         0x0000000000001cb8        0x8 
 .text          0x0000000000001cc0      0x1b8 gcc/port.o
                0x0000000000001d00                pxPortInitialiseStack
                0x0000000000001d24                vPortSVCHandler
                0x0000000000001d54                vPortEndScheduler
                0x0000000000001d58                vPortEnterCritical
                0x0000000000001d78                vPortExitCritical
                0x0000000000001d8c                xPortPendSVHandler
                0x0000000000001dd4                xPortSysTickHandler
                0x0000000000001e00                vPortSetupTimerInterrupt
                0x0000000000001e28                xPortStartScheduler
 .text          0x0000000000001e78      0x220 gcc/heap_4.o
                0x0000000000001ed0                pvPortMalloc
                0x0000000000001fc0                vPortFree
                0x000000000000200c                xPortGetFreeHeapSize
                0x0000000000002018                xPortGetMinimumEverFreeHeapSize
                0x0000000000002024                vPortInitialiseBlocks
                0x0000000000002028                vPortGetHeapStats
 .text          0x0000000000002098      0x1f4 gcc/BlockQ.o
                0x0000000000002110                vStartBlockingQueueTasks
                0x000000000000223c                xAreBlockingQueuesStillRunning
 .text          0x000000000000228c      0x130 gcc/PollQ.o
                0x000000000000234c                vStartPolledQueueTasks
                0x00000000000023a0                xArePollingQueuesStillRunning
 .text          0x00000000000023bc       0x9c gcc/integer.o
                0x000000000000241c                vStartIntegerMathTasks
                0x0000000000002444                xAreIntegerMathsTaskStillRunning
 .text          0x0000000000002458      0x1cc gcc/semtest.o
                0x000000000000252c                vStartSemaphoreTasks
                0x00000000000025f4                xAreSemaphoreTasksStillRunning
 .text          0x0000000000002624      0x368 gcc/osram96x16.o
                0x0000000000002710                OSRAMClear
                0x000000000000275c                OSRAMStringDraw
                0x0000000000002814                OSRAMImageDraw
                0x0000000000002884                OSRAMInit
                0x0000000000002918                OSRAMDisplayOn
                0x0000000000002964                OSRAMDisplayOff
 .text          0x000000000000298c       0x28 gcc/rand.o
                0x000000000000298c                srand
                0x0000000000002998                rand
 .text          0x00000000000029b4      0x214 gcc/mytasks.o
                0x00000000000029b4                xTaskTemperatureSensor
                0x00000000000029fc                xTaskFilter
                0x0000000000002ab8                xTaskTop
                0x0000000000002b08                plot
                0x0000000000002b5c                xTaskDisplay
 .text          0x0000000000002bc8      0x340 gcc/stats.o
                0x0000000000002bc8                getStateString
                0x0000000000002bf4                itoa
                0x0000000000002c40                ltoc
                0x0000000000002c9c                getStatesTasks
                0x0000000000002d70                getStatsMEM
                0x0000000000002da8                getStatsCPU
                0x0000000000002e34                getRunTimeStats
                0x0000000000002eec                print
 .text          0x0000000000002f08      0x21c gcc/config.o
                0x0000000000002f08                vSetupHighFrequencyTimer
                0x0000000000002f84                init
                0x0000000000003098                vUART_ISR
                0x00000000000030d8                Timer0IntHandler
 .text          0x0000000000003124       0x48 hw_include/libdriver.a(gpio_dirmodeset_.o)
                0x0000000000003124                GPIODirModeSet
 .text          0x000000000000316c       0x20 hw_include/libdriver.a(gpio_pintypei2c_.o)
                0x000000000000316c                GPIOPinTypeI2C
 .text          0x000000000000318c        0x4 hw_include/libdriver.a(i2c_mastercontrol_.o)
                0x000000000000318c                I2CMasterControl
 .text          0x0000000000003190        0x4 hw_include/libdriver.a(i2c_masterdataput_.o)
                0x0000000000003190                I2CMasterDataPut
 .text          0x0000000000003194       0x34 hw_include/libdriver.a(i2c_masterinit_.o)
                0x0000000000003194                I2CMasterInit
 .text          0x00000000000031c8       0x18 hw_include/libdriver.a(i2c_masterintstatus_.o)
                0x00000000000031c8                I2CMasterIntStatus
 .text          0x00000000000031e0        0x8 hw_include/libdriver.a(i2c_masterslaveaddrset_.o)
                0x00000000000031e0                I2CMasterSlaveAddrSet
 .text          0x00000000000031e8       0x5c hw_include/libdriver.a(interrupt_enable_.o)
                0x00000000000031e8                IntEnable
 .text          0x0000000000003244       0x30 hw_include/libdriver.a(interrupt_priorityset_.o)
                0x0000000000003244                IntPrioritySet
 .text          0x0000000000003274        0x0 hw_include/libdriver.a(interrupt_pulregs_.o)
 .text          0x0000000000003274       0x90 hw_include/libdriver.a(sysctl_clockget_.o)
                0x0000000000003274                SysCtlClockGet
 .text          0x0000000000003304       0xcc hw_include/libdriver.a(sysctl_clockset_.o)
                0x0000000000003304                SysCtlClockSet
 .text          0x00000000000033d0       0x1c hw_include/libdriver.a(sysctl_peripheralenable_.o)
                0x00000000000033d0                SysCtlPeripheralEnable
 .text          0x00000000000033ec        0x0 hw_include/libdriver.a(sysctl_pulrcgcregs_.o)
 .text          0x00000000000033ec        0x0 hw_include/libdriver.a(sysctl_pulxtals_.o)
 .text          0x00000000000033ec       0x20 hw_include/libdriver.a(timer_configure_.o)
                0x00000000000033ec                TimerConfigure
 .text          0x000000000000340c       0x10 hw_include/libdriver.a(timer_enable_.o)
                0x000000000000340c                TimerEnable
 .text          0x000000000000341c        0x4 hw_include/libdriver.a(timer_intclear_.o)
                0x000000000000341c                TimerIntClear
 .text          0x0000000000003420        0x8 hw_include/libdriver.a(timer_intenable_.o)
                0x0000000000003420                TimerIntEnable
 .text          0x0000000000003428       0x14 hw_include/libdriver.a(timer_loadset_.o)
                0x0000000000003428                TimerLoadSet
 .text          0x000000000000343c       0x10 hw_include/libdriver.a(uart_charget_.o)
                0x000000000000343c                UARTCharGet
 .text          0x000000000000344c       0x10 hw_include/libdriver.a(uart_charput_.o)
                0x000000000000344c                UARTCharPut
 .text          0x000000000000345c       0x38 hw_include/libdriver.a(uart_configset_.o)
                0x000000000000345c                UARTConfigSet
 .text          0x0000000000003494       0x24 hw_include/libdriver.a(uart_disable_.o)
                0x0000000000003494                UARTDisable
 .text          0x00000000000034b8       0x18 hw_include/libdriver.a(uart_enable_.o)
                0x00000000000034b8                UARTEnable
 .text          0x00000000000034d0        0x4 hw_include/libdriver.a(uart_intclear_.o)
                0x00000000000034d0                UARTIntClear
 .text          0x00000000000034d4        0xc hw_include/libdriver.a(uart_intstatus_.o)
                0x00000000000034d4                UARTIntStatus
 .text          0x00000000000034e0      0x11c hw_include/libdriver.a(gpio_padconfigset_.o)
                0x00000000000034e0                GPIOPadConfigSet
 .text          0x00000000000035fc        0xc hw_include/libdriver.a(i2c_masterenable_.o)
                0x00000000000035fc                I2CMasterEnable
 .text          0x0000000000003608       0x8c /usr/lib/gcc/arm-none-eabi/7.3.1/../../../arm-none-eabi/lib/thumb/libc.a(lib_a-memcpy-stub.o)
                0x0000000000003608                memcpy
 .text          0x0000000000003694       0xa4 /usr/lib/gcc/arm-none-eabi/7.3.1/../../../arm-none-eabi/lib/thumb/libc.a(lib_a-memset.o)
                0x0000000000003694                memset
 .text          0x0000000000003738       0x48 /usr/lib/gcc/arm-none-eabi/7.3.1/../../../arm-none-eabi/lib/thumb/libc.a(lib_a-stpcpy.o)
                0x0000000000003738                stpcpy
 .text          0x0000000000003780       0x54 /usr/lib/gcc/arm-none-eabi/7.3.1/../../../arm-none-eabi/lib/thumb/libc.a(lib_a-strcat.o)
                0x0000000000003780                strcat
 .text          0x00000000000037d4       0x10 /usr/lib/gcc/arm-none-eabi/7.3.1/../../../arm-none-eabi/lib/thumb/libc.a(lib_a-strcpy.o)
                0x00000000000037d4                strcpy
 .text          0x00000000000037e4       0x68 /usr/lib/gcc/arm-none-eabi/7.3.1/../../../arm-none-eabi/lib/thumb/libc.a(lib_a-strlen-stub.o)
                0x00000000000037e4                strlen
 *(.rodata*)
 .rodata.str1.4
                0x000000000000384c        0x5 gcc/tasks.o
 *fill*         0x0000000000003851        0x3 
 .rodata.str1.4
                0x0000000000003854       0x30 gcc/BlockQ.o
 .rodata.str1.4
                0x0000000000003884       0x10 gcc/PollQ.o
 .rodata.str1.4
                0x0000000000003894        0x8 gcc/integer.o
 .rodata.str1.4
                0x000000000000389c       0x20 gcc/semtest.o
 .rodata        0x00000000000038bc      0x25d gcc/osram96x16.o
 *fill*         0x0000000000003b19        0x3 
 .rodata.str1.4
                0x0000000000003b1c       0x72 gcc/mytasks.o
 *fill*         0x0000000000003b8e        0x2 
 .rodata.str1.4
                0x0000000000003b90       0x30 gcc/stats.o
                                         0x68 (size before relaxing)
 .rodata.str1.4
                0x0000000000003bc0       0x1c gcc/config.o
 .rodata        0x0000000000003bdc       0x30 hw_include/libdriver.a(interrupt_pulregs_.o)
                0x0000000000003bdc                g_pulRegs
 .rodata        0x0000000000003c0c        0xc hw_include/libdriver.a(sysctl_pulrcgcregs_.o)
                0x0000000000003c0c                g_pulRCGCRegs
 .rodata        0x0000000000003c18       0x30 hw_include/libdriver.a(sysctl_pulxtals_.o)
                0x0000000000003c18                g_pulXtals
                0x0000000000003c48                _etext = .

.glue_7         0x0000000000003c48        0x0
 .glue_7        0x0000000000003c48        0x0 linker stubs

.glue_7t        0x0000000000003c48        0x0
 .glue_7t       0x0000000000003c48        0x0 linker stubs

.vfp11_veneer   0x0000000000003c48        0x0
 .vfp11_veneer  0x0000000000003c48        0x0 linker stubs

.v4_bx          0x0000000000003c48        0x0
 .v4_bx         0x0000000000003c48        0x0 linker stubs

.iplt           0x0000000000003c48        0x0
 .iplt          0x0000000000003c48        0x0 gcc/startup.o

.rel.dyn        0x0000000000003c48        0x0
 .rel.iplt      0x0000000000003c48        0x0 gcc/startup.o

.data           0x0000000020000000        0xc load address 0x0000000000003c48
                0x0000000020000000                _data = .
 *(vtable)
 *(.data)
 .data          0x0000000020000000        0x0 gcc/startup.o
 .data          0x0000000020000000        0x0 gcc/main.o
 .data          0x0000000020000000        0x0 gcc/list.o
 .data          0x0000000020000000        0x0 gcc/queue.o
 .data          0x0000000020000000        0x4 gcc/tasks.o
                0x0000000020000000                uxTopUsedPriority
 .data          0x0000000020000004        0x4 gcc/port.o
 .data          0x0000000020000008        0x0 gcc/heap_4.o
 .data          0x0000000020000008        0x0 gcc/BlockQ.o
 .data          0x0000000020000008        0x0 gcc/PollQ.o
 .data          0x0000000020000008        0x0 gcc/integer.o
 .data          0x0000000020000008        0x0 gcc/semtest.o
 .data          0x0000000020000008        0x0 gcc/osram96x16.o
 .data          0x0000000020000008        0x4 gcc/rand.o
 .data          0x000000002000000c        0x0 gcc/mytasks.o
 .data          0x000000002000000c        0x0 gcc/stats.o
 .data          0x000000002000000c        0x0 gcc/config.o
 .data          0x000000002000000c        0x0 hw_include/libdriver.a(gpio_dirmodeset_.o)
 .data          0x000000002000000c        0x0 hw_include/libdriver.a(gpio_pintypei2c_.o)
 .data          0x000000002000000c        0x0 hw_include/libdriver.a(i2c_mastercontrol_.o)
 .data          0x000000002000000c        0x0 hw_include/libdriver.a(i2c_masterdataput_.o)
 .data          0x000000002000000c        0x0 hw_include/libdriver.a(i2c_masterinit_.o)
 .data          0x000000002000000c        0x0 hw_include/libdriver.a(i2c_masterintstatus_.o)
 .data          0x000000002000000c        0x0 hw_include/libdriver.a(i2c_masterslaveaddrset_.o)
 .data          0x000000002000000c        0x0 hw_include/libdriver.a(interrupt_enable_.o)
 .data          0x000000002000000c        0x0 hw_include/libdriver.a(interrupt_priorityset_.o)
 .data          0x000000002000000c        0x0 hw_include/libdriver.a(interrupt_pulregs_.o)
 .data          0x000000002000000c        0x0 hw_include/libdriver.a(sysctl_clockget_.o)
 .data          0x000000002000000c        0x0 hw_include/libdriver.a(sysctl_clockset_.o)
 .data          0x000000002000000c        0x0 hw_include/libdriver.a(sysctl_peripheralenable_.o)
 .data          0x000000002000000c        0x0 hw_include/libdriver.a(sysctl_pulrcgcregs_.o)
 .data          0x000000002000000c        0x0 hw_include/libdriver.a(sysctl_pulxtals_.o)
 .data          0x000000002000000c        0x0 hw_include/libdriver.a(timer_configure_.o)
 .data          0x000000002000000c        0x0 hw_include/libdriver.a(timer_enable_.o)
 .data          0x000000002000000c        0x0 hw_include/libdriver.a(timer_intclear_.o)
 .data          0x000000002000000c        0x0 hw_include/libdriver.a(timer_intenable_.o)
 .data          0x000000002000000c        0x0 hw_include/libdriver.a(timer_loadset_.o)
 .data          0x000000002000000c        0x0 hw_include/libdriver.a(uart_charget_.o)
 .data          0x000000002000000c        0x0 hw_include/libdriver.a(uart_charput_.o)
 .data          0x000000002000000c        0x0 hw_include/libdriver.a(uart_configset_.o)
 .data          0x000000002000000c        0x0 hw_include/libdriver.a(uart_disable_.o)
 .data          0x000000002000000c        0x0 hw_include/libdriver.a(uart_enable_.o)
 .data          0x000000002000000c        0x0 hw_include/libdriver.a(uart_intclear_.o)
 .data          0x000000002000000c        0x0 hw_include/libdriver.a(uart_intstatus_.o)
 .data          0x000000002000000c        0x0 hw_include/libdriver.a(gpio_padconfigset_.o)
 .data          0x000000002000000c        0x0 hw_include/libdriver.a(i2c_masterenable_.o)
 .data          0x000000002000000c        0x0 /usr/lib/gcc/arm-none-eabi/7.3.1/../../../arm-none-eabi/lib/thumb/libc.a(lib_a-memcpy-stub.o)
 .data          0x000000002000000c        0x0 /usr/lib/gcc/arm-none-eabi/7.3.1/../../../arm-none-eabi/lib/thumb/libc.a(lib_a-memset.o)
 .data          0x000000002000000c        0x0 /usr/lib/gcc/arm-none-eabi/7.3.1/../../../arm-none-eabi/lib/thumb/libc.a(lib_a-stpcpy.o)
 .data          0x000000002000000c        0x0 /usr/lib/gcc/arm-none-eabi/7.3.1/../../../arm-none-eabi/lib/thumb/libc.a(lib_a-strcat.o)
 .data          0x000000002000000c        0x0 /usr/lib/gcc/arm-none-eabi/7.3.1/../../../arm-none-eabi/lib/thumb/libc.a(lib_a-strcpy.o)
 .data          0x000000002000000c        0x0 /usr/lib/gcc/arm-none-eabi/7.3.1/../../../arm-none-eabi/lib/thumb/libc.a(lib_a-strlen-stub.o)
                0x000000002000000c                _edata = .

.igot.plt       0x000000002000000c        0x0 load address 0x0000000000003c54
 .igot.plt      0x000000002000000c        0x0 gcc/startup.o

.bss            0x000000002000000c     0x1df0 load address 0x0000000000003c54
                0x000000002000000c                _bss = .
 *(.bss)
 .bss           0x000000002000000c      0x100 gcc/startup.o
 .bss           0x000000002000010c        0x0 gcc/main.o
 .bss           0x000000002000010c        0x0 gcc/list.o
 .bss           0x000000002000010c        0x0 gcc/queue.o
 .bss           0x000000002000010c       0xf4 gcc/tasks.o
                0x0000000020000110                pxCurrentTCB
 .bss           0x0000000020000200        0x0 gcc/port.o
 .bss           0x0000000020000200     0x1b78 gcc/heap_4.o
 .bss           0x0000000020001d78       0x1e gcc/BlockQ.o
 *fill*         0x0000000020001d96        0x2 
 .bss           0x0000000020001d98        0xc gcc/PollQ.o
 .bss           0x0000000020001da4        0x4 gcc/integer.o
 .bss           0x0000000020001da8       0x14 gcc/semtest.o
 .bss           0x0000000020001dbc        0x4 gcc/osram96x16.o
 .bss           0x0000000020001dc0        0x0 gcc/rand.o
 .bss           0x0000000020001dc0        0x0 gcc/mytasks.o
 .bss           0x0000000020001dc0       0x20 gcc/stats.o
 .bss           0x0000000020001de0       0x10 gcc/config.o
                0x0000000020001de8                ulMaxJitter
                0x0000000020001dec                ulHighFrequencyTimerTicks
 .bss           0x0000000020001df0        0x0 hw_include/libdriver.a(gpio_dirmodeset_.o)
 .bss           0x0000000020001df0        0x0 hw_include/libdriver.a(gpio_pintypei2c_.o)
 .bss           0x0000000020001df0        0x0 hw_include/libdriver.a(i2c_mastercontrol_.o)
 .bss           0x0000000020001df0        0x0 hw_include/libdriver.a(i2c_masterdataput_.o)
 .bss           0x0000000020001df0        0x0 hw_include/libdriver.a(i2c_masterinit_.o)
 .bss           0x0000000020001df0        0x0 hw_include/libdriver.a(i2c_masterintstatus_.o)
 .bss           0x0000000020001df0        0x0 hw_include/libdriver.a(i2c_masterslaveaddrset_.o)
 .bss           0x0000000020001df0        0x0 hw_include/libdriver.a(interrupt_enable_.o)
 .bss           0x0000000020001df0        0x0 hw_include/libdriver.a(interrupt_priorityset_.o)
 .bss           0x0000000020001df0        0x0 hw_include/libdriver.a(interrupt_pulregs_.o)
 .bss           0x0000000020001df0        0x0 hw_include/libdriver.a(sysctl_clockget_.o)
 .bss           0x0000000020001df0        0x0 hw_include/libdriver.a(sysctl_clockset_.o)
 .bss           0x0000000020001df0        0x0 hw_include/libdriver.a(sysctl_peripheralenable_.o)
 .bss           0x0000000020001df0        0x0 hw_include/libdriver.a(sysctl_pulrcgcregs_.o)
 .bss           0x0000000020001df0        0x0 hw_include/libdriver.a(sysctl_pulxtals_.o)
 .bss           0x0000000020001df0        0x0 hw_include/libdriver.a(timer_configure_.o)
 .bss           0x0000000020001df0        0x0 hw_include/libdriver.a(timer_enable_.o)
 .bss           0x0000000020001df0        0x0 hw_include/libdriver.a(timer_intclear_.o)
 .bss           0x0000000020001df0        0x0 hw_include/libdriver.a(timer_intenable_.o)
 .bss           0x0000000020001df0        0x0 hw_include/libdriver.a(timer_loadset_.o)
 .bss           0x0000000020001df0        0x0 hw_include/libdriver.a(uart_charget_.o)
 .bss           0x0000000020001df0        0x0 hw_include/libdriver.a(uart_charput_.o)
 .bss           0x0000000020001df0        0x0 hw_include/libdriver.a(uart_configset_.o)
 .bss           0x0000000020001df0        0x0 hw_include/libdriver.a(uart_disable_.o)
 .bss           0x0000000020001df0        0x0 hw_include/libdriver.a(uart_enable_.o)
 .bss           0x0000000020001df0        0x0 hw_include/libdriver.a(uart_intclear_.o)
 .bss           0x0000000020001df0        0x0 hw_include/libdriver.a(uart_intstatus_.o)
 .bss           0x0000000020001df0        0x0 hw_include/libdriver.a(gpio_padconfigset_.o)
 .bss           0x0000000020001df0        0x0 hw_include/libdriver.a(i2c_masterenable_.o)
 .bss           0x0000000020001df0        0x0 /usr/lib/gcc/arm-none-eabi/7.3.1/../../../arm-none-eabi/lib/thumb/libc.a(lib_a-memcpy-stub.o)
 .bss           0x0000000020001df0        0x0 /usr/lib/gcc/arm-none-eabi/7.3.1/../../../arm-none-eabi/lib/thumb/libc.a(lib_a-memset.o)
 .bss           0x0000000020001df0        0x0 /usr/lib/gcc/arm-none-eabi/7.3.1/../../../arm-none-eabi/lib/thumb/libc.a(lib_a-stpcpy.o)
 .bss           0x0000000020001df0        0x0 /usr/lib/gcc/arm-none-eabi/7.3.1/../../../arm-none-eabi/lib/thumb/libc.a(lib_a-strcat.o)
 .bss           0x0000000020001df0        0x0 /usr/lib/gcc/arm-none-eabi/7.3.1/../../../arm-none-eabi/lib/thumb/libc.a(lib_a-strcpy.o)
 .bss           0x0000000020001df0        0x0 /usr/lib/gcc/arm-none-eabi/7.3.1/../../../arm-none-eabi/lib/thumb/libc.a(lib_a-strlen-stub.o)
 *(COMMON)
 COMMON         0x0000000020001df0        0xc gcc/main.o
                0x0000000020001df0                xUARTQueue
                0x0000000020001df4                xDisplayQueue
                0x0000000020001df8                xTempQueue
                0x0000000020001dfc                _ebss = .
LOAD gcc/startup.o
LOAD gcc/main.o
LOAD gcc/list.o
LOAD gcc/queue.o
LOAD gcc/tasks.o
LOAD gcc/port.o
LOAD gcc/heap_4.o
LOAD gcc/BlockQ.o
LOAD gcc/PollQ.o
LOAD gcc/integer.o
LOAD gcc/semtest.o
LOAD gcc/osram96x16.o
LOAD gcc/rand.o
LOAD gcc/mytasks.o
LOAD gcc/stats.o
LOAD gcc/config.o
LOAD hw_include/libdriver.a
LOAD /usr/lib/gcc/arm-none-eabi/7.3.1/../../../arm-none-eabi/lib/thumb/libc.a
LOAD /usr/lib/gcc/arm-none-eabi/7.3.1/thumb/libgcc.a
OUTPUT(gcc/TP7.axf elf32-littlearm)

.debug_info     0x0000000000000000    0x1018f
 .debug_info    0x0000000000000000      0x13f gcc/startup.o
 .debug_info    0x000000000000013f      0x116 gcc/main.o
 .debug_info    0x0000000000000255      0xacc gcc/list.o
 .debug_info    0x0000000000000d21     0x1f75 gcc/queue.o
 .debug_info    0x0000000000002c96     0x2cec gcc/tasks.o
 .debug_info    0x0000000000005982      0x381 gcc/port.o
 .debug_info    0x0000000000005d03      0xcf8 gcc/heap_4.o
 .debug_info    0x00000000000069fb      0xded gcc/BlockQ.o
 .debug_info    0x00000000000077e8      0xbd8 gcc/PollQ.o
 .debug_info    0x00000000000083c0      0xa2c gcc/integer.o
 .debug_info    0x0000000000008dec      0xd26 gcc/semtest.o
 .debug_info    0x0000000000009b12      0x860 gcc/osram96x16.o
 .debug_info    0x000000000000a372       0xc7 gcc/rand.o
 .debug_info    0x000000000000a439      0x5eb gcc/mytasks.o
 .debug_info    0x000000000000aa24     0x10ee gcc/stats.o
 .debug_info    0x000000000000bb12      0x679 gcc/config.o
 .debug_info    0x000000000000c18b      0xe3b /usr/lib/gcc/arm-none-eabi/7.3.1/../../../arm-none-eabi/lib/thumb/libc.a(lib_a-memcpy-stub.o)
 .debug_info    0x000000000000cfc6      0xe22 /usr/lib/gcc/arm-none-eabi/7.3.1/../../../arm-none-eabi/lib/thumb/libc.a(lib_a-memset.o)
 .debug_info    0x000000000000dde8      0x8fb /usr/lib/gcc/arm-none-eabi/7.3.1/../../../arm-none-eabi/lib/thumb/libc.a(lib_a-stpcpy.o)
 .debug_info    0x000000000000e6e3      0x90e /usr/lib/gcc/arm-none-eabi/7.3.1/../../../arm-none-eabi/lib/thumb/libc.a(lib_a-strcat.o)
 .debug_info    0x000000000000eff1      0x8bc /usr/lib/gcc/arm-none-eabi/7.3.1/../../../arm-none-eabi/lib/thumb/libc.a(lib_a-strcpy.o)
 .debug_info    0x000000000000f8ad      0x8e2 /usr/lib/gcc/arm-none-eabi/7.3.1/../../../arm-none-eabi/lib/thumb/libc.a(lib_a-strlen-stub.o)

.debug_abbrev   0x0000000000000000     0x2ee4
 .debug_abbrev  0x0000000000000000       0xd7 gcc/startup.o
 .debug_abbrev  0x00000000000000d7       0xbb gcc/main.o
 .debug_abbrev  0x0000000000000192      0x220 gcc/list.o
 .debug_abbrev  0x00000000000003b2      0x3e8 gcc/queue.o
 .debug_abbrev  0x000000000000079a      0x4f4 gcc/tasks.o
 .debug_abbrev  0x0000000000000c8e      0x1de gcc/port.o
 .debug_abbrev  0x0000000000000e6c      0x32c gcc/heap_4.o
 .debug_abbrev  0x0000000000001198      0x293 gcc/BlockQ.o
 .debug_abbrev  0x000000000000142b      0x262 gcc/PollQ.o
 .debug_abbrev  0x000000000000168d      0x255 gcc/integer.o
 .debug_abbrev  0x00000000000018e2      0x28f gcc/semtest.o
 .debug_abbrev  0x0000000000001b71      0x136 gcc/osram96x16.o
 .debug_abbrev  0x0000000000001ca7       0x87 gcc/rand.o
 .debug_abbrev  0x0000000000001d2e      0x19a gcc/mytasks.o
 .debug_abbrev  0x0000000000001ec8      0x392 gcc/stats.o
 .debug_abbrev  0x000000000000225a      0x1a0 gcc/config.o
 .debug_abbrev  0x00000000000023fa      0x1ea /usr/lib/gcc/arm-none-eabi/7.3.1/../../../arm-none-eabi/lib/thumb/libc.a(lib_a-memcpy-stub.o)
 .debug_abbrev  0x00000000000025e4      0x1de /usr/lib/gcc/arm-none-eabi/7.3.1/../../../arm-none-eabi/lib/thumb/libc.a(lib_a-memset.o)
 .debug_abbrev  0x00000000000027c2      0x1bf /usr/lib/gcc/arm-none-eabi/7.3.1/../../../arm-none-eabi/lib/thumb/libc.a(lib_a-stpcpy.o)
 .debug_abbrev  0x0000000000002981      0x1f5 /usr/lib/gcc/arm-none-eabi/7.3.1/../../../arm-none-eabi/lib/thumb/libc.a(lib_a-strcat.o)
 .debug_abbrev  0x0000000000002b76      0x1b6 /usr/lib/gcc/arm-none-eabi/7.3.1/../../../arm-none-eabi/lib/thumb/libc.a(lib_a-strcpy.o)
 .debug_abbrev  0x0000000000002d2c      0x1b8 /usr/lib/gcc/arm-none-eabi/7.3.1/../../../arm-none-eabi/lib/thumb/libc.a(lib_a-strlen-stub.o)

.debug_loc      0x0000000000000000     0x4ea6
 .debug_loc     0x0000000000000000       0x4b gcc/startup.o
 .debug_loc     0x000000000000004b       0x69 gcc/list.o
 .debug_loc     0x00000000000000b4     0x1174 gcc/queue.o
 .debug_loc     0x0000000000001228     0x1f75 gcc/tasks.o
 .debug_loc     0x000000000000319d       0x8e gcc/port.o
 .debug_loc     0x000000000000322b      0x3a9 gcc/heap_4.o
 .debug_loc     0x00000000000035d4      0x221 gcc/BlockQ.o
 .debug_loc     0x00000000000037f5       0xfd gcc/PollQ.o
 .debug_loc     0x00000000000038f2      0x102 gcc/integer.o
 .debug_loc     0x00000000000039f4      0x141 gcc/semtest.o
 .debug_loc     0x0000000000003b35      0x385 gcc/osram96x16.o
 .debug_loc     0x0000000000003eba      0x219 gcc/mytasks.o
 .debug_loc     0x00000000000040d3      0x6cc gcc/stats.o
 .debug_loc     0x000000000000479f       0x3c gcc/config.o
 .debug_loc     0x00000000000047db      0x33b /usr/lib/gcc/arm-none-eabi/7.3.1/../../../arm-none-eabi/lib/thumb/libc.a(lib_a-memcpy-stub.o)
 .debug_loc     0x0000000000004b16      0x1a5 /usr/lib/gcc/arm-none-eabi/7.3.1/../../../arm-none-eabi/lib/thumb/libc.a(lib_a-memset.o)
 .debug_loc     0x0000000000004cbb       0xb0 /usr/lib/gcc/arm-none-eabi/7.3.1/../../../arm-none-eabi/lib/thumb/libc.a(lib_a-stpcpy.o)
 .debug_loc     0x0000000000004d6b       0x86 /usr/lib/gcc/arm-none-eabi/7.3.1/../../../arm-none-eabi/lib/thumb/libc.a(lib_a-strcat.o)
 .debug_loc     0x0000000000004df1       0x21 /usr/lib/gcc/arm-none-eabi/7.3.1/../../../arm-none-eabi/lib/thumb/libc.a(lib_a-strcpy.o)
 .debug_loc     0x0000000000004e12       0x94 /usr/lib/gcc/arm-none-eabi/7.3.1/../../../arm-none-eabi/lib/thumb/libc.a(lib_a-strlen-stub.o)

.debug_aranges  0x0000000000000000      0x2c0
 .debug_aranges
                0x0000000000000000       0x20 gcc/startup.o
 .debug_aranges
                0x0000000000000020       0x20 gcc/main.o
 .debug_aranges
                0x0000000000000040       0x20 gcc/list.o
 .debug_aranges
                0x0000000000000060       0x20 gcc/queue.o
 .debug_aranges
                0x0000000000000080       0x20 gcc/tasks.o
 .debug_aranges
                0x00000000000000a0       0x20 gcc/port.o
 .debug_aranges
                0x00000000000000c0       0x20 gcc/heap_4.o
 .debug_aranges
                0x00000000000000e0       0x20 gcc/BlockQ.o
 .debug_aranges
                0x0000000000000100       0x20 gcc/PollQ.o
 .debug_aranges
                0x0000000000000120       0x20 gcc/integer.o
 .debug_aranges
                0x0000000000000140       0x20 gcc/semtest.o
 .debug_aranges
                0x0000000000000160       0x20 gcc/osram96x16.o
 .debug_aranges
                0x0000000000000180       0x20 gcc/rand.o
 .debug_aranges
                0x00000000000001a0       0x20 gcc/mytasks.o
 .debug_aranges
                0x00000000000001c0       0x20 gcc/stats.o
 .debug_aranges
                0x00000000000001e0       0x20 gcc/config.o
 .debug_aranges
                0x0000000000000200       0x20 /usr/lib/gcc/arm-none-eabi/7.3.1/../../../arm-none-eabi/lib/thumb/libc.a(lib_a-memcpy-stub.o)
 .debug_aranges
                0x0000000000000220       0x20 /usr/lib/gcc/arm-none-eabi/7.3.1/../../../arm-none-eabi/lib/thumb/libc.a(lib_a-memset.o)
 .debug_aranges
                0x0000000000000240       0x20 /usr/lib/gcc/arm-none-eabi/7.3.1/../../../arm-none-eabi/lib/thumb/libc.a(lib_a-stpcpy.o)
 .debug_aranges
                0x0000000000000260       0x20 /usr/lib/gcc/arm-none-eabi/7.3.1/../../../arm-none-eabi/lib/thumb/libc.a(lib_a-strcat.o)
 .debug_aranges
                0x0000000000000280       0x20 /usr/lib/gcc/arm-none-eabi/7.3.1/../../../arm-none-eabi/lib/thumb/libc.a(lib_a-strcpy.o)
 .debug_aranges
                0x00000000000002a0       0x20 /usr/lib/gcc/arm-none-eabi/7.3.1/../../../arm-none-eabi/lib/thumb/libc.a(lib_a-strlen-stub.o)

.debug_line     0x0000000000000000     0x2faa
 .debug_line    0x0000000000000000       0x51 gcc/startup.o
 .debug_line    0x0000000000000051       0x9f gcc/main.o
 .debug_line    0x00000000000000f0      0x1f9 gcc/list.o
 .debug_line    0x00000000000002e9      0x57d gcc/queue.o
 .debug_line    0x0000000000000866      0x8eb gcc/tasks.o
 .debug_line    0x0000000000001151      0x1f2 gcc/port.o
 .debug_line    0x0000000000001343      0x2be gcc/heap_4.o
 .debug_line    0x0000000000001601      0x240 gcc/BlockQ.o
 .debug_line    0x0000000000001841      0x209 gcc/PollQ.o
 .debug_line    0x0000000000001a4a      0x193 gcc/integer.o
 .debug_line    0x0000000000001bdd      0x249 gcc/semtest.o
 .debug_line    0x0000000000001e26      0x180 gcc/osram96x16.o
 .debug_line    0x0000000000001fa6       0xaa gcc/rand.o
 .debug_line    0x0000000000002050      0x27b gcc/mytasks.o
 .debug_line    0x00000000000022cb      0x2d7 gcc/stats.o
 .debug_line    0x00000000000025a2      0x1f2 gcc/config.o
 .debug_line    0x0000000000002794      0x1b6 /usr/lib/gcc/arm-none-eabi/7.3.1/../../../arm-none-eabi/lib/thumb/libc.a(lib_a-memcpy-stub.o)
 .debug_line    0x000000000000294a      0x1ae /usr/lib/gcc/arm-none-eabi/7.3.1/../../../arm-none-eabi/lib/thumb/libc.a(lib_a-memset.o)
 .debug_line    0x0000000000002af8      0x129 /usr/lib/gcc/arm-none-eabi/7.3.1/../../../arm-none-eabi/lib/thumb/libc.a(lib_a-stpcpy.o)
 .debug_line    0x0000000000002c21      0x126 /usr/lib/gcc/arm-none-eabi/7.3.1/../../../arm-none-eabi/lib/thumb/libc.a(lib_a-strcat.o)
 .debug_line    0x0000000000002d47      0x120 /usr/lib/gcc/arm-none-eabi/7.3.1/../../../arm-none-eabi/lib/thumb/libc.a(lib_a-strcpy.o)
 .debug_line    0x0000000000002e67      0x143 /usr/lib/gcc/arm-none-eabi/7.3.1/../../../arm-none-eabi/lib/thumb/libc.a(lib_a-strlen-stub.o)

.debug_str      0x0000000000000000     0x29bf
 .debug_str     0x0000000000000000       0xf3 gcc/startup.o
                                        0x112 (size before relaxing)
 .debug_str     0x00000000000000f3       0xd3 gcc/main.o
                                        0x187 (size before relaxing)
 .debug_str     0x00000000000001c6      0x50e gcc/list.o
                                        0x675 (size before relaxing)
 .debug_str     0x00000000000006d4      0x5c7 gcc/queue.o
                                        0xc0d (size before relaxing)
 .debug_str     0x0000000000000c9b      0xaf5 gcc/tasks.o
                                       0x136b (size before relaxing)
 .debug_str     0x0000000000001790       0xc6 gcc/port.o
                                        0x316 (size before relaxing)
 .debug_str     0x0000000000001856      0x2b2 gcc/heap_4.o
                                        0x864 (size before relaxing)
 .debug_str     0x0000000000001b08      0x21d gcc/BlockQ.o
                                        0x814 (size before relaxing)
 .debug_str     0x0000000000001d25       0xc7 gcc/PollQ.o
                                        0x731 (size before relaxing)
 .debug_str     0x0000000000001dec       0x9d gcc/integer.o
                                        0x636 (size before relaxing)
 .debug_str     0x0000000000001e89      0x160 gcc/semtest.o
                                        0x7b6 (size before relaxing)
 .debug_str     0x0000000000001fe9      0x1a3 gcc/osram96x16.o
                                        0x258 (size before relaxing)
 .debug_str     0x000000000000218c       0x3a gcc/rand.o
                                        0x148 (size before relaxing)
 .debug_str     0x00000000000021c6       0xe1 gcc/mytasks.o
                                        0x32a (size before relaxing)
 .debug_str     0x00000000000022a7       0xec gcc/stats.o
                                        0x830 (size before relaxing)
 .debug_str     0x0000000000002393      0x14e gcc/config.o
                                        0x37b (size before relaxing)
 .debug_str     0x00000000000024e1      0x382 /usr/lib/gcc/arm-none-eabi/7.3.1/../../../arm-none-eabi/lib/thumb/libc.a(lib_a-memcpy-stub.o)
                                        0x8ae (size before relaxing)
 .debug_str     0x0000000000002863       0x7e /usr/lib/gcc/arm-none-eabi/7.3.1/../../../arm-none-eabi/lib/thumb/libc.a(lib_a-memset.o)
                                        0x889 (size before relaxing)
 .debug_str     0x00000000000028e1       0x2e /usr/lib/gcc/arm-none-eabi/7.3.1/../../../arm-none-eabi/lib/thumb/libc.a(lib_a-stpcpy.o)
                                        0x571 (size before relaxing)
 .debug_str     0x000000000000290f       0x39 /usr/lib/gcc/arm-none-eabi/7.3.1/../../../arm-none-eabi/lib/thumb/libc.a(lib_a-strcat.o)
                                        0x56b (size before relaxing)
 .debug_str     0x0000000000002948       0x36 /usr/lib/gcc/arm-none-eabi/7.3.1/../../../arm-none-eabi/lib/thumb/libc.a(lib_a-strcpy.o)
                                        0x566 (size before relaxing)
 .debug_str     0x000000000000297e       0x41 /usr/lib/gcc/arm-none-eabi/7.3.1/../../../arm-none-eabi/lib/thumb/libc.a(lib_a-strlen-stub.o)
                                        0x585 (size before relaxing)

.comment        0x0000000000000000      0x488
 .comment       0x0000000000000000       0x57 gcc/startup.o
                                         0x58 (size before relaxing)
 .comment       0x0000000000000057       0x58 gcc/main.o
 .comment       0x0000000000000057       0x58 gcc/list.o
 .comment       0x0000000000000057       0x58 gcc/queue.o
 .comment       0x0000000000000057       0x58 gcc/tasks.o
 .comment       0x0000000000000057       0x58 gcc/port.o
 .comment       0x0000000000000057       0x58 gcc/heap_4.o
 .comment       0x0000000000000057       0x58 gcc/BlockQ.o
 .comment       0x0000000000000057       0x58 gcc/PollQ.o
 .comment       0x0000000000000057       0x58 gcc/integer.o
 .comment       0x0000000000000057       0x58 gcc/semtest.o
 .comment       0x0000000000000057       0x58 gcc/osram96x16.o
 .comment       0x0000000000000057       0x58 gcc/rand.o
 .comment       0x0000000000000057       0x58 gcc/mytasks.o
 .comment       0x0000000000000057       0x58 gcc/stats.o
 .comment       0x0000000000000057       0x58 gcc/config.o
 .comment       0x0000000000000057       0x22 hw_include/libdriver.a(gpio_dirmodeset_.o)
 .comment       0x0000000000000079       0x22 hw_include/libdriver.a(gpio_pintypei2c_.o)
 .comment       0x000000000000009b       0x22 hw_include/libdriver.a(i2c_mastercontrol_.o)
 .comment       0x00000000000000bd       0x22 hw_include/libdriver.a(i2c_masterdataput_.o)
 .comment       0x00000000000000df       0x22 hw_include/libdriver.a(i2c_masterinit_.o)
 .comment       0x0000000000000101       0x22 hw_include/libdriver.a(i2c_masterintstatus_.o)
 .comment       0x0000000000000123       0x22 hw_include/libdriver.a(i2c_masterslaveaddrset_.o)
 .comment       0x0000000000000145       0x22 hw_include/libdriver.a(interrupt_enable_.o)
 .comment       0x0000000000000167       0x22 hw_include/libdriver.a(interrupt_priorityset_.o)
 .comment       0x0000000000000189       0x22 hw_include/libdriver.a(interrupt_pulregs_.o)
 .comment       0x00000000000001ab       0x22 hw_include/libdriver.a(sysctl_clockget_.o)
 .comment       0x00000000000001cd       0x22 hw_include/libdriver.a(sysctl_clockset_.o)
 .comment       0x00000000000001ef       0x22 hw_include/libdriver.a(sysctl_peripheralenable_.o)
 .comment       0x0000000000000211       0x22 hw_include/libdriver.a(sysctl_pulrcgcregs_.o)
 .comment       0x0000000000000233       0x22 hw_include/libdriver.a(sysctl_pulxtals_.o)
 .comment       0x0000000000000255       0x22 hw_include/libdriver.a(timer_configure_.o)
 .comment       0x0000000000000277       0x22 hw_include/libdriver.a(timer_enable_.o)
 .comment       0x0000000000000299       0x22 hw_include/libdriver.a(timer_intclear_.o)
 .comment       0x00000000000002bb       0x22 hw_include/libdriver.a(timer_intenable_.o)
 .comment       0x00000000000002dd       0x22 hw_include/libdriver.a(timer_loadset_.o)
 .comment       0x00000000000002ff       0x22 hw_include/libdriver.a(uart_charget_.o)
 .comment       0x0000000000000321       0x22 hw_include/libdriver.a(uart_charput_.o)
 .comment       0x0000000000000343       0x22 hw_include/libdriver.a(uart_configset_.o)
 .comment       0x0000000000000365       0x22 hw_include/libdriver.a(uart_disable_.o)
 .comment       0x0000000000000387       0x22 hw_include/libdriver.a(uart_enable_.o)
 .comment       0x00000000000003a9       0x22 hw_include/libdriver.a(uart_intclear_.o)
 .comment       0x00000000000003cb       0x22 hw_include/libdriver.a(uart_intstatus_.o)
 .comment       0x00000000000003ed       0x22 hw_include/libdriver.a(gpio_padconfigset_.o)
 .comment       0x000000000000040f       0x22 hw_include/libdriver.a(i2c_masterenable_.o)
 .comment       0x0000000000000431       0x57 /usr/lib/gcc/arm-none-eabi/7.3.1/../../../arm-none-eabi/lib/thumb/libc.a(lib_a-memcpy-stub.o)
                                         0x58 (size before relaxing)
 .comment       0x0000000000000488       0x58 /usr/lib/gcc/arm-none-eabi/7.3.1/../../../arm-none-eabi/lib/thumb/libc.a(lib_a-memset.o)
 .comment       0x0000000000000488       0x58 /usr/lib/gcc/arm-none-eabi/7.3.1/../../../arm-none-eabi/lib/thumb/libc.a(lib_a-stpcpy.o)
 .comment       0x0000000000000488       0x58 /usr/lib/gcc/arm-none-eabi/7.3.1/../../../arm-none-eabi/lib/thumb/libc.a(lib_a-strcat.o)
 .comment       0x0000000000000488       0x58 /usr/lib/gcc/arm-none-eabi/7.3.1/../../../arm-none-eabi/lib/thumb/libc.a(lib_a-strcpy.o)
 .comment       0x0000000000000488       0x58 /usr/lib/gcc/arm-none-eabi/7.3.1/../../../arm-none-eabi/lib/thumb/libc.a(lib_a-strlen-stub.o)

.ARM.attributes
                0x0000000000000000       0x35
 .ARM.attributes
                0x0000000000000000       0x33 gcc/startup.o
 .ARM.attributes
                0x0000000000000033       0x33 gcc/main.o
 .ARM.attributes
                0x0000000000000066       0x33 gcc/list.o
 .ARM.attributes
                0x0000000000000099       0x33 gcc/queue.o
 .ARM.attributes
                0x00000000000000cc       0x33 gcc/tasks.o
 .ARM.attributes
                0x00000000000000ff       0x33 gcc/port.o
 .ARM.attributes
                0x0000000000000132       0x33 gcc/heap_4.o
 .ARM.attributes
                0x0000000000000165       0x33 gcc/BlockQ.o
 .ARM.attributes
                0x0000000000000198       0x33 gcc/PollQ.o
 .ARM.attributes
                0x00000000000001cb       0x33 gcc/integer.o
 .ARM.attributes
                0x00000000000001fe       0x33 gcc/semtest.o
 .ARM.attributes
                0x0000000000000231       0x33 gcc/osram96x16.o
 .ARM.attributes
                0x0000000000000264       0x33 gcc/rand.o
 .ARM.attributes
                0x0000000000000297       0x33 gcc/mytasks.o
 .ARM.attributes
                0x00000000000002ca       0x33 gcc/stats.o
 .ARM.attributes
                0x00000000000002fd       0x33 gcc/config.o
 .ARM.attributes
                0x0000000000000330       0x31 hw_include/libdriver.a(gpio_dirmodeset_.o)
 .ARM.attributes
                0x0000000000000361       0x31 hw_include/libdriver.a(gpio_pintypei2c_.o)
 .ARM.attributes
                0x0000000000000392       0x31 hw_include/libdriver.a(i2c_mastercontrol_.o)
 .ARM.attributes
                0x00000000000003c3       0x31 hw_include/libdriver.a(i2c_masterdataput_.o)
 .ARM.attributes
                0x00000000000003f4       0x31 hw_include/libdriver.a(i2c_masterinit_.o)
 .ARM.attributes
                0x0000000000000425       0x31 hw_include/libdriver.a(i2c_masterintstatus_.o)
 .ARM.attributes
                0x0000000000000456       0x31 hw_include/libdriver.a(i2c_masterslaveaddrset_.o)
 .ARM.attributes
                0x0000000000000487       0x31 hw_include/libdriver.a(interrupt_enable_.o)
 .ARM.attributes
                0x00000000000004b8       0x31 hw_include/libdriver.a(interrupt_priorityset_.o)
 .ARM.attributes
                0x00000000000004e9       0x2f hw_include/libdriver.a(interrupt_pulregs_.o)
 .ARM.attributes
                0x0000000000000518       0x31 hw_include/libdriver.a(sysctl_clockget_.o)
 .ARM.attributes
                0x0000000000000549       0x31 hw_include/libdriver.a(sysctl_clockset_.o)
 .ARM.attributes
                0x000000000000057a       0x31 hw_include/libdriver.a(sysctl_peripheralenable_.o)
 .ARM.attributes
                0x00000000000005ab       0x2f hw_include/libdriver.a(sysctl_pulrcgcregs_.o)
 .ARM.attributes
                0x00000000000005da       0x2f hw_include/libdriver.a(sysctl_pulxtals_.o)
 .ARM.attributes
                0x0000000000000609       0x31 hw_include/libdriver.a(timer_configure_.o)
 .ARM.attributes
                0x000000000000063a       0x31 hw_include/libdriver.a(timer_enable_.o)
 .ARM.attributes
                0x000000000000066b       0x31 hw_include/libdriver.a(timer_intclear_.o)
 .ARM.attributes
                0x000000000000069c       0x31 hw_include/libdriver.a(timer_intenable_.o)
 .ARM.attributes
                0x00000000000006cd       0x31 hw_include/libdriver.a(timer_loadset_.o)
 .ARM.attributes
                0x00000000000006fe       0x31 hw_include/libdriver.a(uart_charget_.o)
 .ARM.attributes
                0x000000000000072f       0x31 hw_include/libdriver.a(uart_charput_.o)
 .ARM.attributes
                0x0000000000000760       0x31 hw_include/libdriver.a(uart_configset_.o)
 .ARM.attributes
                0x0000000000000791       0x31 hw_include/libdriver.a(uart_disable_.o)
 .ARM.attributes
                0x00000000000007c2       0x31 hw_include/libdriver.a(uart_enable_.o)
 .ARM.attributes
                0x00000000000007f3       0x31 hw_include/libdriver.a(uart_intclear_.o)
 .ARM.attributes
                0x0000000000000824       0x31 hw_include/libdriver.a(uart_intstatus_.o)
 .ARM.attributes
                0x0000000000000855       0x31 hw_include/libdriver.a(gpio_padconfigset_.o)
 .ARM.attributes
                0x0000000000000886       0x31 hw_include/libdriver.a(i2c_masterenable_.o)
 .ARM.attributes
                0x00000000000008b7       0x30 /usr/lib/gcc/arm-none-eabi/7.3.1/../../../arm-none-eabi/lib/thumb/libc.a(lib_a-memcpy-stub.o)
 .ARM.attributes
                0x00000000000008e7       0x30 /usr/lib/gcc/arm-none-eabi/7.3.1/../../../arm-none-eabi/lib/thumb/libc.a(lib_a-memset.o)
 .ARM.attributes
                0x0000000000000917       0x30 /usr/lib/gcc/arm-none-eabi/7.3.1/../../../arm-none-eabi/lib/thumb/libc.a(lib_a-stpcpy.o)
 .ARM.attributes
                0x0000000000000947       0x30 /usr/lib/gcc/arm-none-eabi/7.3.1/../../../arm-none-eabi/lib/thumb/libc.a(lib_a-strcat.o)
 .ARM.attributes
                0x0000000000000977       0x30 /usr/lib/gcc/arm-none-eabi/7.3.1/../../../arm-none-eabi/lib/thumb/libc.a(lib_a-strcpy.o)
 .ARM.attributes
                0x00000000000009a7       0x30 /usr/lib/gcc/arm-none-eabi/7.3.1/../../../arm-none-eabi/lib/thumb/libc.a(lib_a-strlen-stub.o)

.debug_frame    0x0000000000000000     0x117c
 .debug_frame   0x0000000000000000       0x50 gcc/startup.o
 .debug_frame   0x0000000000000050       0x28 gcc/main.o
 .debug_frame   0x0000000000000078       0x88 gcc/list.o
 .debug_frame   0x0000000000000100      0x2b0 gcc/queue.o
 .debug_frame   0x00000000000003b0      0x4c4 gcc/tasks.o
 .debug_frame   0x0000000000000874       0xf8 gcc/port.o
 .debug_frame   0x000000000000096c       0xe8 gcc/heap_4.o
 .debug_frame   0x0000000000000a54       0xa0 gcc/BlockQ.o
 .debug_frame   0x0000000000000af4       0x8c gcc/PollQ.o
 .debug_frame   0x0000000000000b80       0x60 gcc/integer.o
 .debug_frame   0x0000000000000be0       0x7c gcc/semtest.o
 .debug_frame   0x0000000000000c5c      0x188 gcc/osram96x16.o
 .debug_frame   0x0000000000000de4       0x30 gcc/rand.o
 .debug_frame   0x0000000000000e14       0xb0 gcc/mytasks.o
 .debug_frame   0x0000000000000ec4      0x12c gcc/stats.o
 .debug_frame   0x0000000000000ff0       0x90 gcc/config.o
 .debug_frame   0x0000000000001080       0x30 /usr/lib/gcc/arm-none-eabi/7.3.1/../../../arm-none-eabi/lib/thumb/libc.a(lib_a-memcpy-stub.o)
 .debug_frame   0x00000000000010b0       0x30 /usr/lib/gcc/arm-none-eabi/7.3.1/../../../arm-none-eabi/lib/thumb/libc.a(lib_a-memset.o)
 .debug_frame   0x00000000000010e0       0x28 /usr/lib/gcc/arm-none-eabi/7.3.1/../../../arm-none-eabi/lib/thumb/libc.a(lib_a-stpcpy.o)
 .debug_frame   0x0000000000001108       0x2c /usr/lib/gcc/arm-none-eabi/7.3.1/../../../arm-none-eabi/lib/thumb/libc.a(lib_a-strcat.o)
 .debug_frame   0x0000000000001134       0x20 /usr/lib/gcc/arm-none-eabi/7.3.1/../../../arm-none-eabi/lib/thumb/libc.a(lib_a-strcpy.o)
 .debug_frame   0x0000000000001154       0x28 /usr/lib/gcc/arm-none-eabi/7.3.1/../../../arm-none-eabi/lib/thumb/libc.a(lib_a-strlen-stub.o)

.debug_ranges   0x0000000000000000      0x8f8
 .debug_ranges  0x0000000000000000       0x10 gcc/main.o
 .debug_ranges  0x0000000000000010      0x208 gcc/queue.o
 .debug_ranges  0x0000000000000218      0x660 gcc/tasks.o
 .debug_ranges  0x0000000000000878       0x58 gcc/stats.o
 .debug_ranges  0x00000000000008d0       0x18 gcc/config.o
 .debug_ranges  0x00000000000008e8       0x10 /usr/lib/gcc/arm-none-eabi/7.3.1/../../../arm-none-eabi/lib/thumb/libc.a(lib_a-strcpy.o)
