Archive member included to satisfy reference by file (symbol)

hw_include/libdriver.a(gpio_dirmodeset_.o)
                              gcc/config.o (GPIODirModeSet)
hw_include/libdriver.a(gpio_pintypei2c_.o)
                              gcc/osram96x16.o (GPIOPinTypeI2C)
hw_include/libdriver.a(i2c_mastercontrol_.o)
                              gcc/osram96x16.o (I2CMasterControl)
hw_include/libdriver.a(i2c_masterdataput_.o)
                              gcc/osram96x16.o (I2CMasterDataPut)
hw_include/libdriver.a(i2c_masterinit_.o)
                              gcc/osram96x16.o (I2CMasterInit)
hw_include/libdriver.a(i2c_masterintstatus_.o)
                              gcc/osram96x16.o (I2CMasterIntStatus)
hw_include/libdriver.a(i2c_masterslaveaddrset_.o)
                              gcc/osram96x16.o (I2CMasterSlaveAddrSet)
hw_include/libdriver.a(interrupt_enable_.o)
                              gcc/config.o (IntEnable)
hw_include/libdriver.a(interrupt_priorityset_.o)
                              gcc/config.o (IntPrioritySet)
hw_include/libdriver.a(interrupt_pulregs_.o)
                              hw_include/libdriver.a(interrupt_priorityset_.o) (g_pulRegs)
hw_include/libdriver.a(sysctl_clockget_.o)
                              hw_include/libdriver.a(i2c_masterinit_.o) (SysCtlClockGet)
hw_include/libdriver.a(sysctl_clockset_.o)
                              gcc/config.o (SysCtlClockSet)
hw_include/libdriver.a(sysctl_peripheralenable_.o)
                              gcc/osram96x16.o (SysCtlPeripheralEnable)
hw_include/libdriver.a(sysctl_pulrcgcregs_.o)
                              hw_include/libdriver.a(sysctl_peripheralenable_.o) (g_pulRCGCRegs)
hw_include/libdriver.a(sysctl_pulxtals_.o)
                              hw_include/libdriver.a(sysctl_clockget_.o) (g_pulXtals)
hw_include/libdriver.a(uart_charget_.o)
                              gcc/config.o (UARTCharGet)
hw_include/libdriver.a(uart_charput_.o)
                              gcc/mytasks.o (UARTCharPut)
hw_include/libdriver.a(uart_configset_.o)
                              gcc/config.o (UARTConfigSet)
hw_include/libdriver.a(uart_disable_.o)
                              hw_include/libdriver.a(uart_configset_.o) (UARTDisable)
hw_include/libdriver.a(uart_enable_.o)
                              hw_include/libdriver.a(uart_configset_.o) (UARTEnable)
hw_include/libdriver.a(uart_intclear_.o)
                              gcc/config.o (UARTIntClear)
hw_include/libdriver.a(uart_intstatus_.o)
                              gcc/config.o (UARTIntStatus)
hw_include/libdriver.a(gpio_padconfigset_.o)
                              hw_include/libdriver.a(gpio_pintypei2c_.o) (GPIOPadConfigSet)
hw_include/libdriver.a(i2c_masterenable_.o)
                              hw_include/libdriver.a(i2c_masterinit_.o) (I2CMasterEnable)
/usr/lib/gcc/arm-none-eabi/7.3.1/../../../arm-none-eabi/lib/thumb/libc.a(lib_a-memcpy-stub.o)
                              gcc/queue.o (memcpy)
/usr/lib/gcc/arm-none-eabi/7.3.1/../../../arm-none-eabi/lib/thumb/libc.a(lib_a-memset.o)
                              gcc/tasks.o (memset)

Allocating common symbols
Common symbol       size              file

xUARTQueue          0x4               gcc/main.o
xDisplayQueue       0x4               gcc/main.o
xTempQueue          0x4               gcc/main.o

Memory Configuration

Name             Origin             Length             Attributes
FLASH            0x0000000000000000 0x0000000000010000 xr
SRAM             0x0000000020000000 0x0000000000002000 xrw
*default*        0x0000000000000000 0xffffffffffffffff

Linker script and memory map


.text           0x0000000000000000     0x3624
 *(.isr_vector)
 .isr_vector    0x0000000000000000       0xb8 gcc/startup.o
                0x0000000000000000                g_pfnVectors
 *(.text*)
 .text          0x00000000000000b8       0x64 gcc/startup.o
                0x00000000000000c4                ResetISR
 .text          0x000000000000011c        0x0 gcc/main.o
 .text.startup  0x000000000000011c       0x10 gcc/main.o
                0x000000000000011c                main
 .text          0x000000000000012c       0x98 gcc/list.o
                0x000000000000012c                vListInitialise
                0x0000000000000144                vListInitialiseItem
                0x000000000000014c                vListInsertEnd
                0x0000000000000168                vListInsert
                0x000000000000019c                uxListRemove
 .text          0x00000000000001c4      0x840 gcc/queue.o
                0x00000000000002e4                xQueueGenericReset
                0x000000000000036c                xQueueGenericCreate
                0x00000000000003b8                xQueueGenericSend
                0x00000000000004cc                xQueueGenericSendFromISR
                0x0000000000000538                xQueueGiveFromISR
                0x0000000000000598                xQueueReceive
                0x00000000000006c4                xQueueSemaphoreTake
                0x00000000000007dc                xQueuePeek
                0x0000000000000900                xQueueReceiveFromISR
                0x0000000000000970                xQueuePeekFromISR
                0x00000000000009a4                uxQueueMessagesWaiting
                0x00000000000009b8                uxQueueSpacesAvailable
                0x00000000000009d0                uxQueueMessagesWaitingFromISR
                0x00000000000009d4                vQueueDelete
                0x00000000000009d8                uxQueueGetQueueNumber
                0x00000000000009dc                vQueueSetQueueNumber
                0x00000000000009e0                ucQueueGetQueueType
                0x00000000000009e8                xQueueIsQueueEmptyFromISR
                0x00000000000009f4                xQueueIsQueueFullFromISR
 .text          0x0000000000000a04     0x1228 gcc/tasks.o
                0x0000000000000c0c                xTaskCreate
                0x0000000000000de4                eTaskGetState
                0x0000000000000e38                vTaskSuspend
                0x0000000000000f08                vTaskResume
                0x0000000000000fa4                xTaskResumeFromISR
                0x0000000000001060                vTaskStartScheduler
                0x00000000000010c0                vTaskEndScheduler
                0x00000000000010e0                vTaskSuspendAll
                0x00000000000010f4                xTaskResumeAll
                0x000000000000123c                xTaskDelayUntil
                0x0000000000001294                vTaskDelay
                0x00000000000012d0                xTaskGetTickCount
                0x00000000000012dc                xTaskGetTickCountFromISR
                0x00000000000012e8                uxTaskGetNumberOfTasks
                0x00000000000012f4                pcTaskGetName
                0x0000000000001304                xTaskCatchUpTicks
                0x0000000000001324                xTaskIncrementTick
                0x0000000000001344                vTaskSwitchContext
                0x000000000000135c                vTaskPlaceOnEventList
                0x000000000000137c                vTaskPlaceOnUnorderedEventList
                0x00000000000013bc                xTaskRemoveFromEventList
                0x0000000000001480                vTaskRemoveFromUnorderedEventList
                0x0000000000001518                vTaskSetTimeOutState
                0x0000000000001538                vTaskInternalSetTimeOutState
                0x0000000000001548                xTaskCheckForTimeOut
                0x00000000000015a4                vTaskMissedYield
                0x00000000000015b4                uxTaskGetTaskNumber
                0x00000000000015bc                vTaskSetTaskNumber
                0x00000000000015c4                vTaskGetInfo
                0x00000000000016a0                uxTaskGetSystemState
                0x000000000000176c                uxTaskResetEventItemValue
                0x0000000000001784                ulTaskGenericNotifyTake
                0x0000000000001808                xTaskGenericNotifyWait
                0x00000000000018ac                xTaskGenericNotify
                0x00000000000019b0                xTaskGenericNotifyFromISR
                0x0000000000001ad8                vTaskGenericNotifyGiveFromISR
                0x0000000000001bc8                xTaskGenericNotifyStateClear
                0x0000000000001bfc                ulTaskGenericNotifyValueClear
 *fill*         0x0000000000001c2c        0x4 
 .text          0x0000000000001c30      0x1b8 gcc/port.o
                0x0000000000001c70                pxPortInitialiseStack
                0x0000000000001c94                vPortSVCHandler
                0x0000000000001cc4                vPortEndScheduler
                0x0000000000001cc8                vPortEnterCritical
                0x0000000000001ce8                vPortExitCritical
                0x0000000000001cfc                xPortPendSVHandler
                0x0000000000001d44                xPortSysTickHandler
                0x0000000000001d70                vPortSetupTimerInterrupt
                0x0000000000001d98                xPortStartScheduler
 .text          0x0000000000001de8      0x220 gcc/heap_4.o
                0x0000000000001e40                pvPortMalloc
                0x0000000000001f30                vPortFree
                0x0000000000001f7c                xPortGetFreeHeapSize
                0x0000000000001f88                xPortGetMinimumEverFreeHeapSize
                0x0000000000001f94                vPortInitialiseBlocks
                0x0000000000001f98                vPortGetHeapStats
 .text          0x0000000000002008      0x1f4 gcc/BlockQ.o
                0x0000000000002080                vStartBlockingQueueTasks
                0x00000000000021ac                xAreBlockingQueuesStillRunning
 .text          0x00000000000021fc      0x130 gcc/PollQ.o
                0x00000000000022bc                vStartPolledQueueTasks
                0x0000000000002310                xArePollingQueuesStillRunning
 .text          0x000000000000232c       0x9c gcc/integer.o
                0x000000000000238c                vStartIntegerMathTasks
                0x00000000000023b4                xAreIntegerMathsTaskStillRunning
 .text          0x00000000000023c8      0x1cc gcc/semtest.o
                0x000000000000249c                vStartSemaphoreTasks
                0x0000000000002564                xAreSemaphoreTasksStillRunning
 .text          0x0000000000002594      0x368 gcc/osram96x16.o
                0x0000000000002680                OSRAMClear
                0x00000000000026cc                OSRAMStringDraw
                0x0000000000002784                OSRAMImageDraw
                0x00000000000027f4                OSRAMInit
                0x0000000000002888                OSRAMDisplayOn
                0x00000000000028d4                OSRAMDisplayOff
 .text          0x00000000000028fc       0x28 gcc/rand.o
                0x00000000000028fc                srand
                0x0000000000002908                rand
 .text          0x0000000000002924      0x280 gcc/mytasks.o
                0x0000000000002924                xTaskTemperatureSensor
                0x000000000000296c                xTaskFilter
                0x0000000000002a28                xTaskTop
                0x0000000000002a34                plot
                0x0000000000002a88                xTaskDisplay
                0x0000000000002b3c                intToStr
                0x0000000000002b88                print
 .text          0x0000000000002ba4      0x14c gcc/config.o
                0x0000000000002ba4                init
                0x0000000000002cb0                vUART_ISR
 .text          0x0000000000002cf0       0x48 hw_include/libdriver.a(gpio_dirmodeset_.o)
                0x0000000000002cf0                GPIODirModeSet
 .text          0x0000000000002d38       0x20 hw_include/libdriver.a(gpio_pintypei2c_.o)
                0x0000000000002d38                GPIOPinTypeI2C
 .text          0x0000000000002d58        0x4 hw_include/libdriver.a(i2c_mastercontrol_.o)
                0x0000000000002d58                I2CMasterControl
 .text          0x0000000000002d5c        0x4 hw_include/libdriver.a(i2c_masterdataput_.o)
                0x0000000000002d5c                I2CMasterDataPut
 .text          0x0000000000002d60       0x34 hw_include/libdriver.a(i2c_masterinit_.o)
                0x0000000000002d60                I2CMasterInit
 .text          0x0000000000002d94       0x18 hw_include/libdriver.a(i2c_masterintstatus_.o)
                0x0000000000002d94                I2CMasterIntStatus
 .text          0x0000000000002dac        0x8 hw_include/libdriver.a(i2c_masterslaveaddrset_.o)
                0x0000000000002dac                I2CMasterSlaveAddrSet
 .text          0x0000000000002db4       0x5c hw_include/libdriver.a(interrupt_enable_.o)
                0x0000000000002db4                IntEnable
 .text          0x0000000000002e10       0x30 hw_include/libdriver.a(interrupt_priorityset_.o)
                0x0000000000002e10                IntPrioritySet
 .text          0x0000000000002e40        0x0 hw_include/libdriver.a(interrupt_pulregs_.o)
 .text          0x0000000000002e40       0x90 hw_include/libdriver.a(sysctl_clockget_.o)
                0x0000000000002e40                SysCtlClockGet
 .text          0x0000000000002ed0       0xcc hw_include/libdriver.a(sysctl_clockset_.o)
                0x0000000000002ed0                SysCtlClockSet
 .text          0x0000000000002f9c       0x1c hw_include/libdriver.a(sysctl_peripheralenable_.o)
                0x0000000000002f9c                SysCtlPeripheralEnable
 .text          0x0000000000002fb8        0x0 hw_include/libdriver.a(sysctl_pulrcgcregs_.o)
 .text          0x0000000000002fb8        0x0 hw_include/libdriver.a(sysctl_pulxtals_.o)
 .text          0x0000000000002fb8       0x10 hw_include/libdriver.a(uart_charget_.o)
                0x0000000000002fb8                UARTCharGet
 .text          0x0000000000002fc8       0x10 hw_include/libdriver.a(uart_charput_.o)
                0x0000000000002fc8                UARTCharPut
 .text          0x0000000000002fd8       0x38 hw_include/libdriver.a(uart_configset_.o)
                0x0000000000002fd8                UARTConfigSet
 .text          0x0000000000003010       0x24 hw_include/libdriver.a(uart_disable_.o)
                0x0000000000003010                UARTDisable
 .text          0x0000000000003034       0x18 hw_include/libdriver.a(uart_enable_.o)
                0x0000000000003034                UARTEnable
 .text          0x000000000000304c        0x4 hw_include/libdriver.a(uart_intclear_.o)
                0x000000000000304c                UARTIntClear
 .text          0x0000000000003050        0xc hw_include/libdriver.a(uart_intstatus_.o)
                0x0000000000003050                UARTIntStatus
 .text          0x000000000000305c      0x11c hw_include/libdriver.a(gpio_padconfigset_.o)
                0x000000000000305c                GPIOPadConfigSet
 .text          0x0000000000003178        0xc hw_include/libdriver.a(i2c_masterenable_.o)
                0x0000000000003178                I2CMasterEnable
 .text          0x0000000000003184       0x8c /usr/lib/gcc/arm-none-eabi/7.3.1/../../../arm-none-eabi/lib/thumb/libc.a(lib_a-memcpy-stub.o)
                0x0000000000003184                memcpy
 .text          0x0000000000003210       0xa4 /usr/lib/gcc/arm-none-eabi/7.3.1/../../../arm-none-eabi/lib/thumb/libc.a(lib_a-memset.o)
                0x0000000000003210                memset
 *(.rodata*)
 .rodata.str1.4
                0x00000000000032b4        0x5 gcc/tasks.o
 *fill*         0x00000000000032b9        0x3 
 .rodata.str1.4
                0x00000000000032bc       0x30 gcc/BlockQ.o
 .rodata.str1.4
                0x00000000000032ec       0x10 gcc/PollQ.o
 .rodata.str1.4
                0x00000000000032fc        0x8 gcc/integer.o
 .rodata.str1.4
                0x0000000000003304       0x20 gcc/semtest.o
 .rodata        0x0000000000003324      0x25d gcc/osram96x16.o
 *fill*         0x0000000000003581        0x3 
 .rodata.str1.4
                0x0000000000003584       0x15 gcc/mytasks.o
 *fill*         0x0000000000003599        0x3 
 .rodata.str1.4
                0x000000000000359c       0x1c gcc/config.o
 .rodata        0x00000000000035b8       0x30 hw_include/libdriver.a(interrupt_pulregs_.o)
                0x00000000000035b8                g_pulRegs
 .rodata        0x00000000000035e8        0xc hw_include/libdriver.a(sysctl_pulrcgcregs_.o)
                0x00000000000035e8                g_pulRCGCRegs
 .rodata        0x00000000000035f4       0x30 hw_include/libdriver.a(sysctl_pulxtals_.o)
                0x00000000000035f4                g_pulXtals
                0x0000000000003624                _etext = .

.glue_7         0x0000000000003624        0x0
 .glue_7        0x0000000000003624        0x0 linker stubs

.glue_7t        0x0000000000003624        0x0
 .glue_7t       0x0000000000003624        0x0 linker stubs

.vfp11_veneer   0x0000000000003624        0x0
 .vfp11_veneer  0x0000000000003624        0x0 linker stubs

.v4_bx          0x0000000000003624        0x0
 .v4_bx         0x0000000000003624        0x0 linker stubs

.iplt           0x0000000000003624        0x0
 .iplt          0x0000000000003624        0x0 gcc/startup.o

.rel.dyn        0x0000000000003624        0x0
 .rel.iplt      0x0000000000003624        0x0 gcc/startup.o

.data           0x0000000020000000        0xc load address 0x0000000000003624
                0x0000000020000000                _data = .
 *(vtable)
 *(.data)
 .data          0x0000000020000000        0x0 gcc/startup.o
 .data          0x0000000020000000        0x0 gcc/main.o
 .data          0x0000000020000000        0x0 gcc/list.o
 .data          0x0000000020000000        0x0 gcc/queue.o
 .data          0x0000000020000000        0x4 gcc/tasks.o
                0x0000000020000000                uxTopUsedPriority
 .data          0x0000000020000004        0x4 gcc/port.o
 .data          0x0000000020000008        0x0 gcc/heap_4.o
 .data          0x0000000020000008        0x0 gcc/BlockQ.o
 .data          0x0000000020000008        0x0 gcc/PollQ.o
 .data          0x0000000020000008        0x0 gcc/integer.o
 .data          0x0000000020000008        0x0 gcc/semtest.o
 .data          0x0000000020000008        0x0 gcc/osram96x16.o
 .data          0x0000000020000008        0x4 gcc/rand.o
 .data          0x000000002000000c        0x0 gcc/mytasks.o
 .data          0x000000002000000c        0x0 gcc/config.o
 .data          0x000000002000000c        0x0 hw_include/libdriver.a(gpio_dirmodeset_.o)
 .data          0x000000002000000c        0x0 hw_include/libdriver.a(gpio_pintypei2c_.o)
 .data          0x000000002000000c        0x0 hw_include/libdriver.a(i2c_mastercontrol_.o)
 .data          0x000000002000000c        0x0 hw_include/libdriver.a(i2c_masterdataput_.o)
 .data          0x000000002000000c        0x0 hw_include/libdriver.a(i2c_masterinit_.o)
 .data          0x000000002000000c        0x0 hw_include/libdriver.a(i2c_masterintstatus_.o)
 .data          0x000000002000000c        0x0 hw_include/libdriver.a(i2c_masterslaveaddrset_.o)
 .data          0x000000002000000c        0x0 hw_include/libdriver.a(interrupt_enable_.o)
 .data          0x000000002000000c        0x0 hw_include/libdriver.a(interrupt_priorityset_.o)
 .data          0x000000002000000c        0x0 hw_include/libdriver.a(interrupt_pulregs_.o)
 .data          0x000000002000000c        0x0 hw_include/libdriver.a(sysctl_clockget_.o)
 .data          0x000000002000000c        0x0 hw_include/libdriver.a(sysctl_clockset_.o)
 .data          0x000000002000000c        0x0 hw_include/libdriver.a(sysctl_peripheralenable_.o)
 .data          0x000000002000000c        0x0 hw_include/libdriver.a(sysctl_pulrcgcregs_.o)
 .data          0x000000002000000c        0x0 hw_include/libdriver.a(sysctl_pulxtals_.o)
 .data          0x000000002000000c        0x0 hw_include/libdriver.a(uart_charget_.o)
 .data          0x000000002000000c        0x0 hw_include/libdriver.a(uart_charput_.o)
 .data          0x000000002000000c        0x0 hw_include/libdriver.a(uart_configset_.o)
 .data          0x000000002000000c        0x0 hw_include/libdriver.a(uart_disable_.o)
 .data          0x000000002000000c        0x0 hw_include/libdriver.a(uart_enable_.o)
 .data          0x000000002000000c        0x0 hw_include/libdriver.a(uart_intclear_.o)
 .data          0x000000002000000c        0x0 hw_include/libdriver.a(uart_intstatus_.o)
 .data          0x000000002000000c        0x0 hw_include/libdriver.a(gpio_padconfigset_.o)
 .data          0x000000002000000c        0x0 hw_include/libdriver.a(i2c_masterenable_.o)
 .data          0x000000002000000c        0x0 /usr/lib/gcc/arm-none-eabi/7.3.1/../../../arm-none-eabi/lib/thumb/libc.a(lib_a-memcpy-stub.o)
 .data          0x000000002000000c        0x0 /usr/lib/gcc/arm-none-eabi/7.3.1/../../../arm-none-eabi/lib/thumb/libc.a(lib_a-memset.o)
                0x000000002000000c                _edata = .

.igot.plt       0x000000002000000c        0x0 load address 0x0000000000003630
 .igot.plt      0x000000002000000c        0x0 gcc/startup.o

.bss            0x000000002000000c     0x1dd8 load address 0x0000000000003630
                0x000000002000000c                _bss = .
 *(.bss)
 .bss           0x000000002000000c      0x100 gcc/startup.o
 .bss           0x000000002000010c        0x0 gcc/main.o
 .bss           0x000000002000010c        0x0 gcc/list.o
 .bss           0x000000002000010c        0x0 gcc/queue.o
 .bss           0x000000002000010c       0xec gcc/tasks.o
                0x0000000020000110                pxCurrentTCB
 .bss           0x00000000200001f8        0x0 gcc/port.o
 .bss           0x00000000200001f8     0x1b78 gcc/heap_4.o
 .bss           0x0000000020001d70       0x1e gcc/BlockQ.o
 *fill*         0x0000000020001d8e        0x2 
 .bss           0x0000000020001d90        0xc gcc/PollQ.o
 .bss           0x0000000020001d9c        0x4 gcc/integer.o
 .bss           0x0000000020001da0       0x14 gcc/semtest.o
 .bss           0x0000000020001db4        0x4 gcc/osram96x16.o
 .bss           0x0000000020001db8        0x0 gcc/rand.o
 .bss           0x0000000020001db8       0x20 gcc/mytasks.o
 .bss           0x0000000020001dd8        0x0 gcc/config.o
 .bss           0x0000000020001dd8        0x0 hw_include/libdriver.a(gpio_dirmodeset_.o)
 .bss           0x0000000020001dd8        0x0 hw_include/libdriver.a(gpio_pintypei2c_.o)
 .bss           0x0000000020001dd8        0x0 hw_include/libdriver.a(i2c_mastercontrol_.o)
 .bss           0x0000000020001dd8        0x0 hw_include/libdriver.a(i2c_masterdataput_.o)
 .bss           0x0000000020001dd8        0x0 hw_include/libdriver.a(i2c_masterinit_.o)
 .bss           0x0000000020001dd8        0x0 hw_include/libdriver.a(i2c_masterintstatus_.o)
 .bss           0x0000000020001dd8        0x0 hw_include/libdriver.a(i2c_masterslaveaddrset_.o)
 .bss           0x0000000020001dd8        0x0 hw_include/libdriver.a(interrupt_enable_.o)
 .bss           0x0000000020001dd8        0x0 hw_include/libdriver.a(interrupt_priorityset_.o)
 .bss           0x0000000020001dd8        0x0 hw_include/libdriver.a(interrupt_pulregs_.o)
 .bss           0x0000000020001dd8        0x0 hw_include/libdriver.a(sysctl_clockget_.o)
 .bss           0x0000000020001dd8        0x0 hw_include/libdriver.a(sysctl_clockset_.o)
 .bss           0x0000000020001dd8        0x0 hw_include/libdriver.a(sysctl_peripheralenable_.o)
 .bss           0x0000000020001dd8        0x0 hw_include/libdriver.a(sysctl_pulrcgcregs_.o)
 .bss           0x0000000020001dd8        0x0 hw_include/libdriver.a(sysctl_pulxtals_.o)
 .bss           0x0000000020001dd8        0x0 hw_include/libdriver.a(uart_charget_.o)
 .bss           0x0000000020001dd8        0x0 hw_include/libdriver.a(uart_charput_.o)
 .bss           0x0000000020001dd8        0x0 hw_include/libdriver.a(uart_configset_.o)
 .bss           0x0000000020001dd8        0x0 hw_include/libdriver.a(uart_disable_.o)
 .bss           0x0000000020001dd8        0x0 hw_include/libdriver.a(uart_enable_.o)
 .bss           0x0000000020001dd8        0x0 hw_include/libdriver.a(uart_intclear_.o)
 .bss           0x0000000020001dd8        0x0 hw_include/libdriver.a(uart_intstatus_.o)
 .bss           0x0000000020001dd8        0x0 hw_include/libdriver.a(gpio_padconfigset_.o)
 .bss           0x0000000020001dd8        0x0 hw_include/libdriver.a(i2c_masterenable_.o)
 .bss           0x0000000020001dd8        0x0 /usr/lib/gcc/arm-none-eabi/7.3.1/../../../arm-none-eabi/lib/thumb/libc.a(lib_a-memcpy-stub.o)
 .bss           0x0000000020001dd8        0x0 /usr/lib/gcc/arm-none-eabi/7.3.1/../../../arm-none-eabi/lib/thumb/libc.a(lib_a-memset.o)
 *(COMMON)
 COMMON         0x0000000020001dd8        0xc gcc/main.o
                0x0000000020001dd8                xUARTQueue
                0x0000000020001ddc                xDisplayQueue
                0x0000000020001de0                xTempQueue
                0x0000000020001de4                _ebss = .
LOAD gcc/startup.o
LOAD gcc/main.o
LOAD gcc/list.o
LOAD gcc/queue.o
LOAD gcc/tasks.o
LOAD gcc/port.o
LOAD gcc/heap_4.o
LOAD gcc/BlockQ.o
LOAD gcc/PollQ.o
LOAD gcc/integer.o
LOAD gcc/semtest.o
LOAD gcc/osram96x16.o
LOAD gcc/rand.o
LOAD gcc/mytasks.o
LOAD gcc/config.o
LOAD hw_include/libdriver.a
LOAD /usr/lib/gcc/arm-none-eabi/7.3.1/../../../arm-none-eabi/lib/thumb/libc.a
LOAD /usr/lib/gcc/arm-none-eabi/7.3.1/thumb/libgcc.a
OUTPUT(gcc/TP7.axf elf32-littlearm)

.debug_info     0x0000000000000000     0xc952
 .debug_info    0x0000000000000000      0x13f gcc/startup.o
 .debug_info    0x000000000000013f      0x106 gcc/main.o
 .debug_info    0x0000000000000245      0xabc gcc/list.o
 .debug_info    0x0000000000000d01     0x1f65 gcc/queue.o
 .debug_info    0x0000000000002c66     0x2c2d gcc/tasks.o
 .debug_info    0x0000000000005893      0x371 gcc/port.o
 .debug_info    0x0000000000005c04      0xce8 gcc/heap_4.o
 .debug_info    0x00000000000068ec      0xddd gcc/BlockQ.o
 .debug_info    0x00000000000076c9      0xbc8 gcc/PollQ.o
 .debug_info    0x0000000000008291      0xa1c gcc/integer.o
 .debug_info    0x0000000000008cad      0xd16 gcc/semtest.o
 .debug_info    0x00000000000099c3      0x860 gcc/osram96x16.o
 .debug_info    0x000000000000a223       0xc7 gcc/rand.o
 .debug_info    0x000000000000a2ea      0x5e1 gcc/mytasks.o
 .debug_info    0x000000000000a8cb      0x42a gcc/config.o
 .debug_info    0x000000000000acf5      0xe3b /usr/lib/gcc/arm-none-eabi/7.3.1/../../../arm-none-eabi/lib/thumb/libc.a(lib_a-memcpy-stub.o)
 .debug_info    0x000000000000bb30      0xe22 /usr/lib/gcc/arm-none-eabi/7.3.1/../../../arm-none-eabi/lib/thumb/libc.a(lib_a-memset.o)

.debug_abbrev   0x0000000000000000     0x23f5
 .debug_abbrev  0x0000000000000000       0xd7 gcc/startup.o
 .debug_abbrev  0x00000000000000d7       0xa3 gcc/main.o
 .debug_abbrev  0x000000000000017a      0x220 gcc/list.o
 .debug_abbrev  0x000000000000039a      0x3e8 gcc/queue.o
 .debug_abbrev  0x0000000000000782      0x4f4 gcc/tasks.o
 .debug_abbrev  0x0000000000000c76      0x1cd gcc/port.o
 .debug_abbrev  0x0000000000000e43      0x325 gcc/heap_4.o
 .debug_abbrev  0x0000000000001168      0x293 gcc/BlockQ.o
 .debug_abbrev  0x00000000000013fb      0x262 gcc/PollQ.o
 .debug_abbrev  0x000000000000165d      0x255 gcc/integer.o
 .debug_abbrev  0x00000000000018b2      0x28f gcc/semtest.o
 .debug_abbrev  0x0000000000001b41      0x136 gcc/osram96x16.o
 .debug_abbrev  0x0000000000001c77       0x87 gcc/rand.o
 .debug_abbrev  0x0000000000001cfe      0x21b gcc/mytasks.o
 .debug_abbrev  0x0000000000001f19      0x114 gcc/config.o
 .debug_abbrev  0x000000000000202d      0x1ea /usr/lib/gcc/arm-none-eabi/7.3.1/../../../arm-none-eabi/lib/thumb/libc.a(lib_a-memcpy-stub.o)
 .debug_abbrev  0x0000000000002217      0x1de /usr/lib/gcc/arm-none-eabi/7.3.1/../../../arm-none-eabi/lib/thumb/libc.a(lib_a-memset.o)

.debug_loc      0x0000000000000000     0x462f
 .debug_loc     0x0000000000000000       0x4b gcc/startup.o
 .debug_loc     0x000000000000004b       0x69 gcc/list.o
 .debug_loc     0x00000000000000b4     0x1174 gcc/queue.o
 .debug_loc     0x0000000000001228     0x1e98 gcc/tasks.o
 .debug_loc     0x00000000000030c0       0x8e gcc/port.o
 .debug_loc     0x000000000000314e      0x3a9 gcc/heap_4.o
 .debug_loc     0x00000000000034f7      0x221 gcc/BlockQ.o
 .debug_loc     0x0000000000003718       0xfd gcc/PollQ.o
 .debug_loc     0x0000000000003815      0x102 gcc/integer.o
 .debug_loc     0x0000000000003917      0x141 gcc/semtest.o
 .debug_loc     0x0000000000003a58      0x385 gcc/osram96x16.o
 .debug_loc     0x0000000000003ddd      0x349 gcc/mytasks.o
 .debug_loc     0x0000000000004126       0x29 gcc/config.o
 .debug_loc     0x000000000000414f      0x33b /usr/lib/gcc/arm-none-eabi/7.3.1/../../../arm-none-eabi/lib/thumb/libc.a(lib_a-memcpy-stub.o)
 .debug_loc     0x000000000000448a      0x1a5 /usr/lib/gcc/arm-none-eabi/7.3.1/../../../arm-none-eabi/lib/thumb/libc.a(lib_a-memset.o)

.debug_aranges  0x0000000000000000      0x220
 .debug_aranges
                0x0000000000000000       0x20 gcc/startup.o
 .debug_aranges
                0x0000000000000020       0x20 gcc/main.o
 .debug_aranges
                0x0000000000000040       0x20 gcc/list.o
 .debug_aranges
                0x0000000000000060       0x20 gcc/queue.o
 .debug_aranges
                0x0000000000000080       0x20 gcc/tasks.o
 .debug_aranges
                0x00000000000000a0       0x20 gcc/port.o
 .debug_aranges
                0x00000000000000c0       0x20 gcc/heap_4.o
 .debug_aranges
                0x00000000000000e0       0x20 gcc/BlockQ.o
 .debug_aranges
                0x0000000000000100       0x20 gcc/PollQ.o
 .debug_aranges
                0x0000000000000120       0x20 gcc/integer.o
 .debug_aranges
                0x0000000000000140       0x20 gcc/semtest.o
 .debug_aranges
                0x0000000000000160       0x20 gcc/osram96x16.o
 .debug_aranges
                0x0000000000000180       0x20 gcc/rand.o
 .debug_aranges
                0x00000000000001a0       0x20 gcc/mytasks.o
 .debug_aranges
                0x00000000000001c0       0x20 gcc/config.o
 .debug_aranges
                0x00000000000001e0       0x20 /usr/lib/gcc/arm-none-eabi/7.3.1/../../../arm-none-eabi/lib/thumb/libc.a(lib_a-memcpy-stub.o)
 .debug_aranges
                0x0000000000000200       0x20 /usr/lib/gcc/arm-none-eabi/7.3.1/../../../arm-none-eabi/lib/thumb/libc.a(lib_a-memset.o)

.debug_line     0x0000000000000000     0x2657
 .debug_line    0x0000000000000000       0x51 gcc/startup.o
 .debug_line    0x0000000000000051       0x89 gcc/main.o
 .debug_line    0x00000000000000da      0x1e3 gcc/list.o
 .debug_line    0x00000000000002bd      0x567 gcc/queue.o
 .debug_line    0x0000000000000824      0x87f gcc/tasks.o
 .debug_line    0x00000000000010a3      0x1dc gcc/port.o
 .debug_line    0x000000000000127f      0x2a8 gcc/heap_4.o
 .debug_line    0x0000000000001527      0x22a gcc/BlockQ.o
 .debug_line    0x0000000000001751      0x1f3 gcc/PollQ.o
 .debug_line    0x0000000000001944      0x17d gcc/integer.o
 .debug_line    0x0000000000001ac1      0x233 gcc/semtest.o
 .debug_line    0x0000000000001cf4      0x180 gcc/osram96x16.o
 .debug_line    0x0000000000001e74       0xaa gcc/rand.o
 .debug_line    0x0000000000001f1e      0x23f gcc/mytasks.o
 .debug_line    0x000000000000215d      0x196 gcc/config.o
 .debug_line    0x00000000000022f3      0x1b6 /usr/lib/gcc/arm-none-eabi/7.3.1/../../../arm-none-eabi/lib/thumb/libc.a(lib_a-memcpy-stub.o)
 .debug_line    0x00000000000024a9      0x1ae /usr/lib/gcc/arm-none-eabi/7.3.1/../../../arm-none-eabi/lib/thumb/libc.a(lib_a-memset.o)

.debug_str      0x0000000000000000     0x26e3
 .debug_str     0x0000000000000000       0xf7 gcc/startup.o
                                        0x116 (size before relaxing)
 .debug_str     0x00000000000000f7       0xb9 gcc/main.o
                                        0x171 (size before relaxing)
 .debug_str     0x00000000000001b0      0x50e gcc/list.o
                                        0x65f (size before relaxing)
 .debug_str     0x00000000000006be      0x5c7 gcc/queue.o
                                        0xbf7 (size before relaxing)
 .debug_str     0x0000000000000c85      0xab6 gcc/tasks.o
                                       0x1307 (size before relaxing)
 .debug_str     0x000000000000173b       0xc6 gcc/port.o
                                        0x300 (size before relaxing)
 .debug_str     0x0000000000001801      0x2b2 gcc/heap_4.o
                                        0x84e (size before relaxing)
 .debug_str     0x0000000000001ab3      0x21d gcc/BlockQ.o
                                        0x7fe (size before relaxing)
 .debug_str     0x0000000000001cd0       0xc7 gcc/PollQ.o
                                        0x71b (size before relaxing)
 .debug_str     0x0000000000001d97       0x9d gcc/integer.o
                                        0x620 (size before relaxing)
 .debug_str     0x0000000000001e34      0x160 gcc/semtest.o
                                        0x7a0 (size before relaxing)
 .debug_str     0x0000000000001f94      0x1a3 gcc/osram96x16.o
                                        0x25c (size before relaxing)
 .debug_str     0x0000000000002137       0x3a gcc/rand.o
                                        0x14c (size before relaxing)
 .debug_str     0x0000000000002171       0xd2 gcc/mytasks.o
                                        0x2f1 (size before relaxing)
 .debug_str     0x0000000000002243       0x99 gcc/config.o
                                        0x273 (size before relaxing)
 .debug_str     0x00000000000022dc      0x382 /usr/lib/gcc/arm-none-eabi/7.3.1/../../../arm-none-eabi/lib/thumb/libc.a(lib_a-memcpy-stub.o)
                                        0x8ae (size before relaxing)
 .debug_str     0x000000000000265e       0x85 /usr/lib/gcc/arm-none-eabi/7.3.1/../../../arm-none-eabi/lib/thumb/libc.a(lib_a-memset.o)
                                        0x889 (size before relaxing)

.comment        0x0000000000000000      0x3de
 .comment       0x0000000000000000       0x57 gcc/startup.o
                                         0x58 (size before relaxing)
 .comment       0x0000000000000057       0x58 gcc/main.o
 .comment       0x0000000000000057       0x58 gcc/list.o
 .comment       0x0000000000000057       0x58 gcc/queue.o
 .comment       0x0000000000000057       0x58 gcc/tasks.o
 .comment       0x0000000000000057       0x58 gcc/port.o
 .comment       0x0000000000000057       0x58 gcc/heap_4.o
 .comment       0x0000000000000057       0x58 gcc/BlockQ.o
 .comment       0x0000000000000057       0x58 gcc/PollQ.o
 .comment       0x0000000000000057       0x58 gcc/integer.o
 .comment       0x0000000000000057       0x58 gcc/semtest.o
 .comment       0x0000000000000057       0x58 gcc/osram96x16.o
 .comment       0x0000000000000057       0x58 gcc/rand.o
 .comment       0x0000000000000057       0x58 gcc/mytasks.o
 .comment       0x0000000000000057       0x58 gcc/config.o
 .comment       0x0000000000000057       0x22 hw_include/libdriver.a(gpio_dirmodeset_.o)
 .comment       0x0000000000000079       0x22 hw_include/libdriver.a(gpio_pintypei2c_.o)
 .comment       0x000000000000009b       0x22 hw_include/libdriver.a(i2c_mastercontrol_.o)
 .comment       0x00000000000000bd       0x22 hw_include/libdriver.a(i2c_masterdataput_.o)
 .comment       0x00000000000000df       0x22 hw_include/libdriver.a(i2c_masterinit_.o)
 .comment       0x0000000000000101       0x22 hw_include/libdriver.a(i2c_masterintstatus_.o)
 .comment       0x0000000000000123       0x22 hw_include/libdriver.a(i2c_masterslaveaddrset_.o)
 .comment       0x0000000000000145       0x22 hw_include/libdriver.a(interrupt_enable_.o)
 .comment       0x0000000000000167       0x22 hw_include/libdriver.a(interrupt_priorityset_.o)
 .comment       0x0000000000000189       0x22 hw_include/libdriver.a(interrupt_pulregs_.o)
 .comment       0x00000000000001ab       0x22 hw_include/libdriver.a(sysctl_clockget_.o)
 .comment       0x00000000000001cd       0x22 hw_include/libdriver.a(sysctl_clockset_.o)
 .comment       0x00000000000001ef       0x22 hw_include/libdriver.a(sysctl_peripheralenable_.o)
 .comment       0x0000000000000211       0x22 hw_include/libdriver.a(sysctl_pulrcgcregs_.o)
 .comment       0x0000000000000233       0x22 hw_include/libdriver.a(sysctl_pulxtals_.o)
 .comment       0x0000000000000255       0x22 hw_include/libdriver.a(uart_charget_.o)
 .comment       0x0000000000000277       0x22 hw_include/libdriver.a(uart_charput_.o)
 .comment       0x0000000000000299       0x22 hw_include/libdriver.a(uart_configset_.o)
 .comment       0x00000000000002bb       0x22 hw_include/libdriver.a(uart_disable_.o)
 .comment       0x00000000000002dd       0x22 hw_include/libdriver.a(uart_enable_.o)
 .comment       0x00000000000002ff       0x22 hw_include/libdriver.a(uart_intclear_.o)
 .comment       0x0000000000000321       0x22 hw_include/libdriver.a(uart_intstatus_.o)
 .comment       0x0000000000000343       0x22 hw_include/libdriver.a(gpio_padconfigset_.o)
 .comment       0x0000000000000365       0x22 hw_include/libdriver.a(i2c_masterenable_.o)
 .comment       0x0000000000000387       0x57 /usr/lib/gcc/arm-none-eabi/7.3.1/../../../arm-none-eabi/lib/thumb/libc.a(lib_a-memcpy-stub.o)
                                         0x58 (size before relaxing)
 .comment       0x00000000000003de       0x58 /usr/lib/gcc/arm-none-eabi/7.3.1/../../../arm-none-eabi/lib/thumb/libc.a(lib_a-memset.o)

.ARM.attributes
                0x0000000000000000       0x35
 .ARM.attributes
                0x0000000000000000       0x33 gcc/startup.o
 .ARM.attributes
                0x0000000000000033       0x33 gcc/main.o
 .ARM.attributes
                0x0000000000000066       0x33 gcc/list.o
 .ARM.attributes
                0x0000000000000099       0x33 gcc/queue.o
 .ARM.attributes
                0x00000000000000cc       0x33 gcc/tasks.o
 .ARM.attributes
                0x00000000000000ff       0x33 gcc/port.o
 .ARM.attributes
                0x0000000000000132       0x33 gcc/heap_4.o
 .ARM.attributes
                0x0000000000000165       0x33 gcc/BlockQ.o
 .ARM.attributes
                0x0000000000000198       0x33 gcc/PollQ.o
 .ARM.attributes
                0x00000000000001cb       0x33 gcc/integer.o
 .ARM.attributes
                0x00000000000001fe       0x33 gcc/semtest.o
 .ARM.attributes
                0x0000000000000231       0x33 gcc/osram96x16.o
 .ARM.attributes
                0x0000000000000264       0x33 gcc/rand.o
 .ARM.attributes
                0x0000000000000297       0x33 gcc/mytasks.o
 .ARM.attributes
                0x00000000000002ca       0x33 gcc/config.o
 .ARM.attributes
                0x00000000000002fd       0x31 hw_include/libdriver.a(gpio_dirmodeset_.o)
 .ARM.attributes
                0x000000000000032e       0x31 hw_include/libdriver.a(gpio_pintypei2c_.o)
 .ARM.attributes
                0x000000000000035f       0x31 hw_include/libdriver.a(i2c_mastercontrol_.o)
 .ARM.attributes
                0x0000000000000390       0x31 hw_include/libdriver.a(i2c_masterdataput_.o)
 .ARM.attributes
                0x00000000000003c1       0x31 hw_include/libdriver.a(i2c_masterinit_.o)
 .ARM.attributes
                0x00000000000003f2       0x31 hw_include/libdriver.a(i2c_masterintstatus_.o)
 .ARM.attributes
                0x0000000000000423       0x31 hw_include/libdriver.a(i2c_masterslaveaddrset_.o)
 .ARM.attributes
                0x0000000000000454       0x31 hw_include/libdriver.a(interrupt_enable_.o)
 .ARM.attributes
                0x0000000000000485       0x31 hw_include/libdriver.a(interrupt_priorityset_.o)
 .ARM.attributes
                0x00000000000004b6       0x2f hw_include/libdriver.a(interrupt_pulregs_.o)
 .ARM.attributes
                0x00000000000004e5       0x31 hw_include/libdriver.a(sysctl_clockget_.o)
 .ARM.attributes
                0x0000000000000516       0x31 hw_include/libdriver.a(sysctl_clockset_.o)
 .ARM.attributes
                0x0000000000000547       0x31 hw_include/libdriver.a(sysctl_peripheralenable_.o)
 .ARM.attributes
                0x0000000000000578       0x2f hw_include/libdriver.a(sysctl_pulrcgcregs_.o)
 .ARM.attributes
                0x00000000000005a7       0x2f hw_include/libdriver.a(sysctl_pulxtals_.o)
 .ARM.attributes
                0x00000000000005d6       0x31 hw_include/libdriver.a(uart_charget_.o)
 .ARM.attributes
                0x0000000000000607       0x31 hw_include/libdriver.a(uart_charput_.o)
 .ARM.attributes
                0x0000000000000638       0x31 hw_include/libdriver.a(uart_configset_.o)
 .ARM.attributes
                0x0000000000000669       0x31 hw_include/libdriver.a(uart_disable_.o)
 .ARM.attributes
                0x000000000000069a       0x31 hw_include/libdriver.a(uart_enable_.o)
 .ARM.attributes
                0x00000000000006cb       0x31 hw_include/libdriver.a(uart_intclear_.o)
 .ARM.attributes
                0x00000000000006fc       0x31 hw_include/libdriver.a(uart_intstatus_.o)
 .ARM.attributes
                0x000000000000072d       0x31 hw_include/libdriver.a(gpio_padconfigset_.o)
 .ARM.attributes
                0x000000000000075e       0x31 hw_include/libdriver.a(i2c_masterenable_.o)
 .ARM.attributes
                0x000000000000078f       0x30 /usr/lib/gcc/arm-none-eabi/7.3.1/../../../arm-none-eabi/lib/thumb/libc.a(lib_a-memcpy-stub.o)
 .ARM.attributes
                0x00000000000007bf       0x30 /usr/lib/gcc/arm-none-eabi/7.3.1/../../../arm-none-eabi/lib/thumb/libc.a(lib_a-memset.o)

.debug_frame    0x0000000000000000      0xf94
 .debug_frame   0x0000000000000000       0x50 gcc/startup.o
 .debug_frame   0x0000000000000050       0x28 gcc/main.o
 .debug_frame   0x0000000000000078       0x88 gcc/list.o
 .debug_frame   0x0000000000000100      0x2b0 gcc/queue.o
 .debug_frame   0x00000000000003b0      0x4a8 gcc/tasks.o
 .debug_frame   0x0000000000000858       0xf8 gcc/port.o
 .debug_frame   0x0000000000000950       0xe8 gcc/heap_4.o
 .debug_frame   0x0000000000000a38       0xa0 gcc/BlockQ.o
 .debug_frame   0x0000000000000ad8       0x8c gcc/PollQ.o
 .debug_frame   0x0000000000000b64       0x60 gcc/integer.o
 .debug_frame   0x0000000000000bc4       0x7c gcc/semtest.o
 .debug_frame   0x0000000000000c40      0x188 gcc/osram96x16.o
 .debug_frame   0x0000000000000dc8       0x30 gcc/rand.o
 .debug_frame   0x0000000000000df8       0xec gcc/mytasks.o
 .debug_frame   0x0000000000000ee4       0x50 gcc/config.o
 .debug_frame   0x0000000000000f34       0x30 /usr/lib/gcc/arm-none-eabi/7.3.1/../../../arm-none-eabi/lib/thumb/libc.a(lib_a-memcpy-stub.o)
 .debug_frame   0x0000000000000f64       0x30 /usr/lib/gcc/arm-none-eabi/7.3.1/../../../arm-none-eabi/lib/thumb/libc.a(lib_a-memset.o)

.debug_ranges   0x0000000000000000      0x860
 .debug_ranges  0x0000000000000000       0x10 gcc/main.o
 .debug_ranges  0x0000000000000010      0x208 gcc/queue.o
 .debug_ranges  0x0000000000000218      0x610 gcc/tasks.o
 .debug_ranges  0x0000000000000828       0x20 gcc/mytasks.o
 .debug_ranges  0x0000000000000848       0x18 gcc/config.o
