Archive member included to satisfy reference by file (symbol)

hw_include/libdriver.a(gpio_dirmodeset_.o)
                              gcc/config.o (GPIODirModeSet)
hw_include/libdriver.a(gpio_pintypei2c_.o)
                              gcc/osram96x16.o (GPIOPinTypeI2C)
hw_include/libdriver.a(i2c_mastercontrol_.o)
                              gcc/osram96x16.o (I2CMasterControl)
hw_include/libdriver.a(i2c_masterdataput_.o)
                              gcc/osram96x16.o (I2CMasterDataPut)
hw_include/libdriver.a(i2c_masterinit_.o)
                              gcc/osram96x16.o (I2CMasterInit)
hw_include/libdriver.a(i2c_masterintstatus_.o)
                              gcc/osram96x16.o (I2CMasterIntStatus)
hw_include/libdriver.a(i2c_masterslaveaddrset_.o)
                              gcc/osram96x16.o (I2CMasterSlaveAddrSet)
hw_include/libdriver.a(interrupt_enable_.o)
                              gcc/config.o (IntEnable)
hw_include/libdriver.a(interrupt_priorityset_.o)
                              gcc/config.o (IntPrioritySet)
hw_include/libdriver.a(interrupt_pulregs_.o)
                              hw_include/libdriver.a(interrupt_priorityset_.o) (g_pulRegs)
hw_include/libdriver.a(sysctl_clockget_.o)
                              hw_include/libdriver.a(i2c_masterinit_.o) (SysCtlClockGet)
hw_include/libdriver.a(sysctl_clockset_.o)
                              gcc/config.o (SysCtlClockSet)
hw_include/libdriver.a(sysctl_peripheralenable_.o)
                              gcc/config.o (SysCtlPeripheralEnable)
hw_include/libdriver.a(sysctl_pulrcgcregs_.o)
                              hw_include/libdriver.a(sysctl_peripheralenable_.o) (g_pulRCGCRegs)
hw_include/libdriver.a(sysctl_pulxtals_.o)
                              hw_include/libdriver.a(sysctl_clockget_.o) (g_pulXtals)
hw_include/libdriver.a(gpio_padconfigset_.o)
                              hw_include/libdriver.a(gpio_pintypei2c_.o) (GPIOPadConfigSet)
hw_include/libdriver.a(i2c_masterenable_.o)
                              hw_include/libdriver.a(i2c_masterinit_.o) (I2CMasterEnable)
/usr/lib/gcc/arm-none-eabi/7.3.1/../../../arm-none-eabi/lib/thumb/libc.a(lib_a-memcpy-stub.o)
                              gcc/queue.o (memcpy)
/usr/lib/gcc/arm-none-eabi/7.3.1/../../../arm-none-eabi/lib/thumb/libc.a(lib_a-memset.o)
                              gcc/tasks.o (memset)
/usr/lib/gcc/arm-none-eabi/7.3.1/../../../arm-none-eabi/lib/thumb/libc.a(lib_a-rand.o)
                              gcc/mytasks.o (rand)
/usr/lib/gcc/arm-none-eabi/7.3.1/../../../arm-none-eabi/lib/thumb/libc.a(lib_a-impure.o)
                              /usr/lib/gcc/arm-none-eabi/7.3.1/../../../arm-none-eabi/lib/thumb/libc.a(lib_a-rand.o) (_impure_ptr)
/usr/lib/gcc/arm-none-eabi/7.3.1/thumb/libgcc.a(_muldi3.o)
                              /usr/lib/gcc/arm-none-eabi/7.3.1/../../../arm-none-eabi/lib/thumb/libc.a(lib_a-rand.o) (__aeabi_lmul)

Allocating common symbols
Common symbol       size              file

xTempQueue          0x4               gcc/main.o

Memory Configuration

Name             Origin             Length             Attributes
FLASH            0x0000000000000000 0x0000000000010000 xr
SRAM             0x0000000020000000 0x0000000000002400 xrw
*default*        0x0000000000000000 0xffffffffffffffff

Linker script and memory map


.text           0x0000000000000000     0x2ca8
 *(.isr_vector)
 .isr_vector    0x0000000000000000       0xb8 gcc/startup.o
                0x0000000000000000                g_pfnVectors
 *(.text*)
 .text          0x00000000000000b8       0x64 gcc/startup.o
                0x00000000000000c4                ResetISR
 .text          0x000000000000011c        0x0 gcc/main.o
 .text.startup  0x000000000000011c        0xc gcc/main.o
                0x000000000000011c                main
 .text          0x0000000000000128       0x98 gcc/list.o
                0x0000000000000128                vListInitialise
                0x0000000000000140                vListInitialiseItem
                0x0000000000000148                vListInsertEnd
                0x0000000000000164                vListInsert
                0x0000000000000198                uxListRemove
 .text          0x00000000000001c0      0x84c gcc/queue.o
                0x00000000000002e0                xQueueGenericReset
                0x0000000000000368                xQueueGenericCreate
                0x00000000000003b0                xQueueGenericSend
                0x00000000000004c4                xQueueGenericSendFromISR
                0x000000000000053c                xQueueGiveFromISR
                0x00000000000005a8                xQueueReceive
                0x00000000000006d4                xQueueSemaphoreTake
                0x00000000000007ec                xQueuePeek
                0x0000000000000910                xQueueReceiveFromISR
                0x0000000000000988                xQueuePeekFromISR
                0x00000000000009bc                uxQueueMessagesWaiting
                0x00000000000009d0                uxQueueSpacesAvailable
                0x00000000000009e8                uxQueueMessagesWaitingFromISR
                0x00000000000009ec                vQueueDelete
                0x00000000000009f0                xQueueIsQueueEmptyFromISR
                0x00000000000009fc                xQueueIsQueueFullFromISR
 .text          0x0000000000000a0c      0xd80 gcc/tasks.o
                0x0000000000000b94                xTaskCreate
                0x0000000000000d48                vTaskStartScheduler
                0x0000000000000da8                vTaskEndScheduler
                0x0000000000000dc8                vTaskSuspendAll
                0x0000000000000ddc                xTaskResumeAll
                0x0000000000000f28                xTaskDelayUntil
                0x0000000000000f80                vTaskDelay
                0x0000000000000fb8                xTaskGetTickCount
                0x0000000000000fc4                xTaskGetTickCountFromISR
                0x0000000000000fd0                uxTaskGetNumberOfTasks
                0x0000000000000fdc                pcTaskGetName
                0x0000000000000fec                xTaskCatchUpTicks
                0x000000000000101c                xTaskIncrementTick
                0x0000000000001038                vTaskSwitchContext
                0x0000000000001080                vTaskPlaceOnEventList
                0x000000000000109c                vTaskPlaceOnUnorderedEventList
                0x00000000000010d8                xTaskRemoveFromEventList
                0x000000000000119c                vTaskRemoveFromUnorderedEventList
                0x0000000000001234                vTaskSetTimeOutState
                0x0000000000001254                vTaskInternalSetTimeOutState
                0x0000000000001264                xTaskCheckForTimeOut
                0x00000000000012b0                vTaskMissedYield
                0x00000000000012c0                xTaskGetCurrentTaskHandle
                0x00000000000012cc                uxTaskResetEventItemValue
                0x00000000000012e4                ulTaskGenericNotifyTake
                0x0000000000001368                xTaskGenericNotifyWait
                0x000000000000140c                xTaskGenericNotify
                0x0000000000001510                xTaskGenericNotifyFromISR
                0x0000000000001638                vTaskGenericNotifyGiveFromISR
                0x0000000000001728                xTaskGenericNotifyStateClear
                0x000000000000175c                ulTaskGenericNotifyValueClear
 *fill*         0x000000000000178c        0x4 
 .text          0x0000000000001790      0x1b8 gcc/port.o
                0x00000000000017d0                pxPortInitialiseStack
                0x00000000000017f4                vPortSVCHandler
                0x0000000000001824                vPortEndScheduler
                0x0000000000001828                vPortEnterCritical
                0x0000000000001848                vPortExitCritical
                0x000000000000185c                xPortPendSVHandler
                0x00000000000018a4                xPortSysTickHandler
                0x00000000000018d0                vPortSetupTimerInterrupt
                0x00000000000018f8                xPortStartScheduler
 .text          0x0000000000001948       0x94 gcc/heap_1.o
                0x0000000000001948                pvPortMalloc
                0x00000000000019bc                vPortFree
                0x00000000000019c0                vPortInitialiseBlocks
                0x00000000000019cc                xPortGetFreeHeapSize
 .text          0x00000000000019dc      0x1f4 gcc/BlockQ.o
                0x0000000000001a54                vStartBlockingQueueTasks
                0x0000000000001b80                xAreBlockingQueuesStillRunning
 .text          0x0000000000001bd0      0x130 gcc/PollQ.o
                0x0000000000001c90                vStartPolledQueueTasks
                0x0000000000001ce4                xArePollingQueuesStillRunning
 .text          0x0000000000001d00       0x9c gcc/integer.o
                0x0000000000001d60                vStartIntegerMathTasks
                0x0000000000001d88                xAreIntegerMathsTaskStillRunning
 .text          0x0000000000001d9c      0x1cc gcc/semtest.o
                0x0000000000001e70                vStartSemaphoreTasks
                0x0000000000001f38                xAreSemaphoreTasksStillRunning
 .text          0x0000000000001f68       0x4c gcc/mytasks.o
                0x0000000000001f68                xTaskTemperatureSensor
 .text          0x0000000000001fb4       0x80 gcc/config.o
                0x0000000000001fb4                init
                0x000000000000202c                vUART_ISR
                0x0000000000002030                vGPIO_ISR
 .text          0x0000000000002034      0x368 gcc/osram96x16.o
                0x0000000000002120                OSRAMClear
                0x000000000000216c                OSRAMStringDraw
                0x0000000000002224                OSRAMImageDraw
                0x0000000000002294                OSRAMInit
                0x0000000000002328                OSRAMDisplayOn
                0x0000000000002374                OSRAMDisplayOff
 .text          0x000000000000239c       0x48 hw_include/libdriver.a(gpio_dirmodeset_.o)
                0x000000000000239c                GPIODirModeSet
 .text          0x00000000000023e4       0x20 hw_include/libdriver.a(gpio_pintypei2c_.o)
                0x00000000000023e4                GPIOPinTypeI2C
 .text          0x0000000000002404        0x4 hw_include/libdriver.a(i2c_mastercontrol_.o)
                0x0000000000002404                I2CMasterControl
 .text          0x0000000000002408        0x4 hw_include/libdriver.a(i2c_masterdataput_.o)
                0x0000000000002408                I2CMasterDataPut
 .text          0x000000000000240c       0x34 hw_include/libdriver.a(i2c_masterinit_.o)
                0x000000000000240c                I2CMasterInit
 .text          0x0000000000002440       0x18 hw_include/libdriver.a(i2c_masterintstatus_.o)
                0x0000000000002440                I2CMasterIntStatus
 .text          0x0000000000002458        0x8 hw_include/libdriver.a(i2c_masterslaveaddrset_.o)
                0x0000000000002458                I2CMasterSlaveAddrSet
 .text          0x0000000000002460       0x5c hw_include/libdriver.a(interrupt_enable_.o)
                0x0000000000002460                IntEnable
 .text          0x00000000000024bc       0x30 hw_include/libdriver.a(interrupt_priorityset_.o)
                0x00000000000024bc                IntPrioritySet
 .text          0x00000000000024ec        0x0 hw_include/libdriver.a(interrupt_pulregs_.o)
 .text          0x00000000000024ec       0x90 hw_include/libdriver.a(sysctl_clockget_.o)
                0x00000000000024ec                SysCtlClockGet
 .text          0x000000000000257c       0xcc hw_include/libdriver.a(sysctl_clockset_.o)
                0x000000000000257c                SysCtlClockSet
 .text          0x0000000000002648       0x1c hw_include/libdriver.a(sysctl_peripheralenable_.o)
                0x0000000000002648                SysCtlPeripheralEnable
 .text          0x0000000000002664        0x0 hw_include/libdriver.a(sysctl_pulrcgcregs_.o)
 .text          0x0000000000002664        0x0 hw_include/libdriver.a(sysctl_pulxtals_.o)
 .text          0x0000000000002664      0x11c hw_include/libdriver.a(gpio_padconfigset_.o)
                0x0000000000002664                GPIOPadConfigSet
 .text          0x0000000000002780        0xc hw_include/libdriver.a(i2c_masterenable_.o)
                0x0000000000002780                I2CMasterEnable
 .text          0x000000000000278c       0x8c /usr/lib/gcc/arm-none-eabi/7.3.1/../../../arm-none-eabi/lib/thumb/libc.a(lib_a-memcpy-stub.o)
                0x000000000000278c                memcpy
 .text          0x0000000000002818       0xa4 /usr/lib/gcc/arm-none-eabi/7.3.1/../../../arm-none-eabi/lib/thumb/libc.a(lib_a-memset.o)
                0x0000000000002818                memset
 .text          0x00000000000028bc       0x4c /usr/lib/gcc/arm-none-eabi/7.3.1/../../../arm-none-eabi/lib/thumb/libc.a(lib_a-rand.o)
                0x00000000000028bc                srand
                0x00000000000028d0                rand
 .text          0x0000000000002908        0x0 /usr/lib/gcc/arm-none-eabi/7.3.1/../../../arm-none-eabi/lib/thumb/libc.a(lib_a-impure.o)
 .text          0x0000000000002908       0x60 /usr/lib/gcc/arm-none-eabi/7.3.1/thumb/libgcc.a(_muldi3.o)
                0x0000000000002908                __aeabi_lmul
                0x0000000000002908                __muldi3
 *(.rodata*)
 .rodata.str1.4
                0x0000000000002968        0x5 gcc/tasks.o
 *fill*         0x000000000000296d        0x3 
 .rodata.str1.4
                0x0000000000002970       0x30 gcc/BlockQ.o
 .rodata.str1.4
                0x00000000000029a0       0x10 gcc/PollQ.o
 .rodata.str1.4
                0x00000000000029b0        0x8 gcc/integer.o
 .rodata.str1.4
                0x00000000000029b8       0x20 gcc/semtest.o
 .rodata        0x00000000000029d8      0x25d gcc/osram96x16.o
 *fill*         0x0000000000002c35        0x3 
 .rodata        0x0000000000002c38       0x30 hw_include/libdriver.a(interrupt_pulregs_.o)
                0x0000000000002c38                g_pulRegs
 .rodata        0x0000000000002c68        0xc hw_include/libdriver.a(sysctl_pulrcgcregs_.o)
                0x0000000000002c68                g_pulRCGCRegs
 .rodata        0x0000000000002c74       0x30 hw_include/libdriver.a(sysctl_pulxtals_.o)
                0x0000000000002c74                g_pulXtals
 .rodata        0x0000000000002ca4        0x4 /usr/lib/gcc/arm-none-eabi/7.3.1/../../../arm-none-eabi/lib/thumb/libc.a(lib_a-impure.o)
                0x0000000000002ca4                _global_impure_ptr
                0x0000000000002ca8                _etext = .

.glue_7         0x0000000000002ca8        0x0
 .glue_7        0x0000000000002ca8        0x0 linker stubs

.glue_7t        0x0000000000002ca8        0x0
 .glue_7t       0x0000000000002ca8        0x0 linker stubs

.vfp11_veneer   0x0000000000002ca8        0x0
 .vfp11_veneer  0x0000000000002ca8        0x0 linker stubs

.v4_bx          0x0000000000002ca8        0x0
 .v4_bx         0x0000000000002ca8        0x0 linker stubs

.iplt           0x0000000000002ca8        0x0
 .iplt          0x0000000000002ca8        0x0 gcc/startup.o

.rel.dyn        0x0000000000002ca8        0x0
 .rel.iplt      0x0000000000002ca8        0x0 gcc/startup.o

.data           0x0000000020000000      0x438 load address 0x0000000000002ca8
                0x0000000020000000                _data = .
 *(vtable)
 *(.data)
 .data          0x0000000020000000        0x0 gcc/startup.o
 .data          0x0000000020000000        0x0 gcc/main.o
 .data          0x0000000020000000        0x0 gcc/list.o
 .data          0x0000000020000000        0x0 gcc/queue.o
 .data          0x0000000020000000        0x4 gcc/tasks.o
                0x0000000020000000                uxTopUsedPriority
 .data          0x0000000020000004        0x4 gcc/port.o
 .data          0x0000000020000008        0x0 gcc/heap_1.o
 .data          0x0000000020000008        0x0 gcc/BlockQ.o
 .data          0x0000000020000008        0x0 gcc/PollQ.o
 .data          0x0000000020000008        0x0 gcc/integer.o
 .data          0x0000000020000008        0x0 gcc/semtest.o
 .data          0x0000000020000008        0x0 gcc/mytasks.o
 .data          0x0000000020000008        0x0 gcc/config.o
 .data          0x0000000020000008        0x0 gcc/osram96x16.o
 .data          0x0000000020000008        0x0 hw_include/libdriver.a(gpio_dirmodeset_.o)
 .data          0x0000000020000008        0x0 hw_include/libdriver.a(gpio_pintypei2c_.o)
 .data          0x0000000020000008        0x0 hw_include/libdriver.a(i2c_mastercontrol_.o)
 .data          0x0000000020000008        0x0 hw_include/libdriver.a(i2c_masterdataput_.o)
 .data          0x0000000020000008        0x0 hw_include/libdriver.a(i2c_masterinit_.o)
 .data          0x0000000020000008        0x0 hw_include/libdriver.a(i2c_masterintstatus_.o)
 .data          0x0000000020000008        0x0 hw_include/libdriver.a(i2c_masterslaveaddrset_.o)
 .data          0x0000000020000008        0x0 hw_include/libdriver.a(interrupt_enable_.o)
 .data          0x0000000020000008        0x0 hw_include/libdriver.a(interrupt_priorityset_.o)
 .data          0x0000000020000008        0x0 hw_include/libdriver.a(interrupt_pulregs_.o)
 .data          0x0000000020000008        0x0 hw_include/libdriver.a(sysctl_clockget_.o)
 .data          0x0000000020000008        0x0 hw_include/libdriver.a(sysctl_clockset_.o)
 .data          0x0000000020000008        0x0 hw_include/libdriver.a(sysctl_peripheralenable_.o)
 .data          0x0000000020000008        0x0 hw_include/libdriver.a(sysctl_pulrcgcregs_.o)
 .data          0x0000000020000008        0x0 hw_include/libdriver.a(sysctl_pulxtals_.o)
 .data          0x0000000020000008        0x0 hw_include/libdriver.a(gpio_padconfigset_.o)
 .data          0x0000000020000008        0x0 hw_include/libdriver.a(i2c_masterenable_.o)
 .data          0x0000000020000008        0x0 /usr/lib/gcc/arm-none-eabi/7.3.1/../../../arm-none-eabi/lib/thumb/libc.a(lib_a-memcpy-stub.o)
 .data          0x0000000020000008        0x0 /usr/lib/gcc/arm-none-eabi/7.3.1/../../../arm-none-eabi/lib/thumb/libc.a(lib_a-memset.o)
 .data          0x0000000020000008        0x0 /usr/lib/gcc/arm-none-eabi/7.3.1/../../../arm-none-eabi/lib/thumb/libc.a(lib_a-rand.o)
 .data          0x0000000020000008      0x430 /usr/lib/gcc/arm-none-eabi/7.3.1/../../../arm-none-eabi/lib/thumb/libc.a(lib_a-impure.o)
                0x0000000020000008                _impure_ptr
 .data          0x0000000020000438        0x0 /usr/lib/gcc/arm-none-eabi/7.3.1/thumb/libgcc.a(_muldi3.o)
                0x0000000020000438                _edata = .

.igot.plt       0x0000000020000438        0x0 load address 0x00000000000030e0
 .igot.plt      0x0000000020000438        0x0 gcc/startup.o

.bss            0x0000000020000438     0x1d84 load address 0x00000000000030e0
                0x0000000020000438                _bss = .
 *(.bss)
 .bss           0x0000000020000438      0x100 gcc/startup.o
 .bss           0x0000000020000538        0x0 gcc/main.o
 .bss           0x0000000020000538        0x0 gcc/list.o
 .bss           0x0000000020000538        0x0 gcc/queue.o
 .bss           0x0000000020000538       0xd8 gcc/tasks.o
                0x000000002000053c                pxCurrentTCB
 .bss           0x0000000020000610        0x0 gcc/port.o
 .bss           0x0000000020000610     0x1b60 gcc/heap_1.o
 .bss           0x0000000020002170       0x1e gcc/BlockQ.o
 *fill*         0x000000002000218e        0x2 
 .bss           0x0000000020002190        0xc gcc/PollQ.o
 .bss           0x000000002000219c        0x4 gcc/integer.o
 .bss           0x00000000200021a0       0x14 gcc/semtest.o
 .bss           0x00000000200021b4        0x0 gcc/mytasks.o
 .bss           0x00000000200021b4        0x0 gcc/config.o
 .bss           0x00000000200021b4        0x4 gcc/osram96x16.o
 .bss           0x00000000200021b8        0x0 hw_include/libdriver.a(gpio_dirmodeset_.o)
 .bss           0x00000000200021b8        0x0 hw_include/libdriver.a(gpio_pintypei2c_.o)
 .bss           0x00000000200021b8        0x0 hw_include/libdriver.a(i2c_mastercontrol_.o)
 .bss           0x00000000200021b8        0x0 hw_include/libdriver.a(i2c_masterdataput_.o)
 .bss           0x00000000200021b8        0x0 hw_include/libdriver.a(i2c_masterinit_.o)
 .bss           0x00000000200021b8        0x0 hw_include/libdriver.a(i2c_masterintstatus_.o)
 .bss           0x00000000200021b8        0x0 hw_include/libdriver.a(i2c_masterslaveaddrset_.o)
 .bss           0x00000000200021b8        0x0 hw_include/libdriver.a(interrupt_enable_.o)
 .bss           0x00000000200021b8        0x0 hw_include/libdriver.a(interrupt_priorityset_.o)
 .bss           0x00000000200021b8        0x0 hw_include/libdriver.a(interrupt_pulregs_.o)
 .bss           0x00000000200021b8        0x0 hw_include/libdriver.a(sysctl_clockget_.o)
 .bss           0x00000000200021b8        0x0 hw_include/libdriver.a(sysctl_clockset_.o)
 .bss           0x00000000200021b8        0x0 hw_include/libdriver.a(sysctl_peripheralenable_.o)
 .bss           0x00000000200021b8        0x0 hw_include/libdriver.a(sysctl_pulrcgcregs_.o)
 .bss           0x00000000200021b8        0x0 hw_include/libdriver.a(sysctl_pulxtals_.o)
 .bss           0x00000000200021b8        0x0 hw_include/libdriver.a(gpio_padconfigset_.o)
 .bss           0x00000000200021b8        0x0 hw_include/libdriver.a(i2c_masterenable_.o)
 .bss           0x00000000200021b8        0x0 /usr/lib/gcc/arm-none-eabi/7.3.1/../../../arm-none-eabi/lib/thumb/libc.a(lib_a-memcpy-stub.o)
 .bss           0x00000000200021b8        0x0 /usr/lib/gcc/arm-none-eabi/7.3.1/../../../arm-none-eabi/lib/thumb/libc.a(lib_a-memset.o)
 .bss           0x00000000200021b8        0x0 /usr/lib/gcc/arm-none-eabi/7.3.1/../../../arm-none-eabi/lib/thumb/libc.a(lib_a-rand.o)
 .bss           0x00000000200021b8        0x0 /usr/lib/gcc/arm-none-eabi/7.3.1/../../../arm-none-eabi/lib/thumb/libc.a(lib_a-impure.o)
 .bss           0x00000000200021b8        0x0 /usr/lib/gcc/arm-none-eabi/7.3.1/thumb/libgcc.a(_muldi3.o)
 *(COMMON)
 COMMON         0x00000000200021b8        0x4 gcc/main.o
                0x00000000200021b8                xTempQueue
                0x00000000200021bc                _ebss = .
LOAD gcc/startup.o
LOAD gcc/main.o
LOAD gcc/list.o
LOAD gcc/queue.o
LOAD gcc/tasks.o
LOAD gcc/port.o
LOAD gcc/heap_1.o
LOAD gcc/BlockQ.o
LOAD gcc/PollQ.o
LOAD gcc/integer.o
LOAD gcc/semtest.o
LOAD gcc/mytasks.o
LOAD gcc/config.o
LOAD gcc/osram96x16.o
LOAD hw_include/libdriver.a
LOAD /usr/lib/gcc/arm-none-eabi/7.3.1/../../../arm-none-eabi/lib/thumb/libc.a
LOAD /usr/lib/gcc/arm-none-eabi/7.3.1/thumb/libgcc.a
OUTPUT(gcc/TP7.axf elf32-littlearm)

.comment        0x0000000000000000      0x2f0
 .comment       0x0000000000000000       0x57 gcc/startup.o
                                         0x58 (size before relaxing)
 .comment       0x0000000000000057       0x58 gcc/main.o
 .comment       0x0000000000000057       0x58 gcc/list.o
 .comment       0x0000000000000057       0x58 gcc/queue.o
 .comment       0x0000000000000057       0x58 gcc/tasks.o
 .comment       0x0000000000000057       0x58 gcc/port.o
 .comment       0x0000000000000057       0x58 gcc/heap_1.o
 .comment       0x0000000000000057       0x58 gcc/BlockQ.o
 .comment       0x0000000000000057       0x58 gcc/PollQ.o
 .comment       0x0000000000000057       0x58 gcc/integer.o
 .comment       0x0000000000000057       0x58 gcc/semtest.o
 .comment       0x0000000000000057       0x58 gcc/mytasks.o
 .comment       0x0000000000000057       0x58 gcc/config.o
 .comment       0x0000000000000057       0x58 gcc/osram96x16.o
 .comment       0x0000000000000057       0x22 hw_include/libdriver.a(gpio_dirmodeset_.o)
 .comment       0x0000000000000079       0x22 hw_include/libdriver.a(gpio_pintypei2c_.o)
 .comment       0x000000000000009b       0x22 hw_include/libdriver.a(i2c_mastercontrol_.o)
 .comment       0x00000000000000bd       0x22 hw_include/libdriver.a(i2c_masterdataput_.o)
 .comment       0x00000000000000df       0x22 hw_include/libdriver.a(i2c_masterinit_.o)
 .comment       0x0000000000000101       0x22 hw_include/libdriver.a(i2c_masterintstatus_.o)
 .comment       0x0000000000000123       0x22 hw_include/libdriver.a(i2c_masterslaveaddrset_.o)
 .comment       0x0000000000000145       0x22 hw_include/libdriver.a(interrupt_enable_.o)
 .comment       0x0000000000000167       0x22 hw_include/libdriver.a(interrupt_priorityset_.o)
 .comment       0x0000000000000189       0x22 hw_include/libdriver.a(interrupt_pulregs_.o)
 .comment       0x00000000000001ab       0x22 hw_include/libdriver.a(sysctl_clockget_.o)
 .comment       0x00000000000001cd       0x22 hw_include/libdriver.a(sysctl_clockset_.o)
 .comment       0x00000000000001ef       0x22 hw_include/libdriver.a(sysctl_peripheralenable_.o)
 .comment       0x0000000000000211       0x22 hw_include/libdriver.a(sysctl_pulrcgcregs_.o)
 .comment       0x0000000000000233       0x22 hw_include/libdriver.a(sysctl_pulxtals_.o)
 .comment       0x0000000000000255       0x22 hw_include/libdriver.a(gpio_padconfigset_.o)
 .comment       0x0000000000000277       0x22 hw_include/libdriver.a(i2c_masterenable_.o)
 .comment       0x0000000000000299       0x57 /usr/lib/gcc/arm-none-eabi/7.3.1/../../../arm-none-eabi/lib/thumb/libc.a(lib_a-memcpy-stub.o)
                                         0x58 (size before relaxing)
 .comment       0x00000000000002f0       0x58 /usr/lib/gcc/arm-none-eabi/7.3.1/../../../arm-none-eabi/lib/thumb/libc.a(lib_a-memset.o)
 .comment       0x00000000000002f0       0x58 /usr/lib/gcc/arm-none-eabi/7.3.1/../../../arm-none-eabi/lib/thumb/libc.a(lib_a-rand.o)
 .comment       0x00000000000002f0       0x58 /usr/lib/gcc/arm-none-eabi/7.3.1/../../../arm-none-eabi/lib/thumb/libc.a(lib_a-impure.o)
 .comment       0x00000000000002f0       0x58 /usr/lib/gcc/arm-none-eabi/7.3.1/thumb/libgcc.a(_muldi3.o)

.ARM.attributes
                0x0000000000000000       0x35
 .ARM.attributes
                0x0000000000000000       0x33 gcc/startup.o
 .ARM.attributes
                0x0000000000000033       0x33 gcc/main.o
 .ARM.attributes
                0x0000000000000066       0x33 gcc/list.o
 .ARM.attributes
                0x0000000000000099       0x33 gcc/queue.o
 .ARM.attributes
                0x00000000000000cc       0x33 gcc/tasks.o
 .ARM.attributes
                0x00000000000000ff       0x33 gcc/port.o
 .ARM.attributes
                0x0000000000000132       0x33 gcc/heap_1.o
 .ARM.attributes
                0x0000000000000165       0x33 gcc/BlockQ.o
 .ARM.attributes
                0x0000000000000198       0x33 gcc/PollQ.o
 .ARM.attributes
                0x00000000000001cb       0x33 gcc/integer.o
 .ARM.attributes
                0x00000000000001fe       0x33 gcc/semtest.o
 .ARM.attributes
                0x0000000000000231       0x33 gcc/mytasks.o
 .ARM.attributes
                0x0000000000000264       0x33 gcc/config.o
 .ARM.attributes
                0x0000000000000297       0x33 gcc/osram96x16.o
 .ARM.attributes
                0x00000000000002ca       0x31 hw_include/libdriver.a(gpio_dirmodeset_.o)
 .ARM.attributes
                0x00000000000002fb       0x31 hw_include/libdriver.a(gpio_pintypei2c_.o)
 .ARM.attributes
                0x000000000000032c       0x31 hw_include/libdriver.a(i2c_mastercontrol_.o)
 .ARM.attributes
                0x000000000000035d       0x31 hw_include/libdriver.a(i2c_masterdataput_.o)
 .ARM.attributes
                0x000000000000038e       0x31 hw_include/libdriver.a(i2c_masterinit_.o)
 .ARM.attributes
                0x00000000000003bf       0x31 hw_include/libdriver.a(i2c_masterintstatus_.o)
 .ARM.attributes
                0x00000000000003f0       0x31 hw_include/libdriver.a(i2c_masterslaveaddrset_.o)
 .ARM.attributes
                0x0000000000000421       0x31 hw_include/libdriver.a(interrupt_enable_.o)
 .ARM.attributes
                0x0000000000000452       0x31 hw_include/libdriver.a(interrupt_priorityset_.o)
 .ARM.attributes
                0x0000000000000483       0x2f hw_include/libdriver.a(interrupt_pulregs_.o)
 .ARM.attributes
                0x00000000000004b2       0x31 hw_include/libdriver.a(sysctl_clockget_.o)
 .ARM.attributes
                0x00000000000004e3       0x31 hw_include/libdriver.a(sysctl_clockset_.o)
 .ARM.attributes
                0x0000000000000514       0x31 hw_include/libdriver.a(sysctl_peripheralenable_.o)
 .ARM.attributes
                0x0000000000000545       0x2f hw_include/libdriver.a(sysctl_pulrcgcregs_.o)
 .ARM.attributes
                0x0000000000000574       0x2f hw_include/libdriver.a(sysctl_pulxtals_.o)
 .ARM.attributes
                0x00000000000005a3       0x31 hw_include/libdriver.a(gpio_padconfigset_.o)
 .ARM.attributes
                0x00000000000005d4       0x31 hw_include/libdriver.a(i2c_masterenable_.o)
 .ARM.attributes
                0x0000000000000605       0x30 /usr/lib/gcc/arm-none-eabi/7.3.1/../../../arm-none-eabi/lib/thumb/libc.a(lib_a-memcpy-stub.o)
 .ARM.attributes
                0x0000000000000635       0x30 /usr/lib/gcc/arm-none-eabi/7.3.1/../../../arm-none-eabi/lib/thumb/libc.a(lib_a-memset.o)
 .ARM.attributes
                0x0000000000000665       0x30 /usr/lib/gcc/arm-none-eabi/7.3.1/../../../arm-none-eabi/lib/thumb/libc.a(lib_a-rand.o)
 .ARM.attributes
                0x0000000000000695       0x30 /usr/lib/gcc/arm-none-eabi/7.3.1/../../../arm-none-eabi/lib/thumb/libc.a(lib_a-impure.o)
 .ARM.attributes
                0x00000000000006c5       0x30 /usr/lib/gcc/arm-none-eabi/7.3.1/thumb/libgcc.a(_muldi3.o)

.debug_info     0x0000000000000000     0x38c0
 .debug_info    0x0000000000000000      0xe3b /usr/lib/gcc/arm-none-eabi/7.3.1/../../../arm-none-eabi/lib/thumb/libc.a(lib_a-memcpy-stub.o)
 .debug_info    0x0000000000000e3b      0xe22 /usr/lib/gcc/arm-none-eabi/7.3.1/../../../arm-none-eabi/lib/thumb/libc.a(lib_a-memset.o)
 .debug_info    0x0000000000001c5d      0x8ec /usr/lib/gcc/arm-none-eabi/7.3.1/../../../arm-none-eabi/lib/thumb/libc.a(lib_a-rand.o)
 .debug_info    0x0000000000002549      0x8a9 /usr/lib/gcc/arm-none-eabi/7.3.1/../../../arm-none-eabi/lib/thumb/libc.a(lib_a-impure.o)
 .debug_info    0x0000000000002df2      0xace /usr/lib/gcc/arm-none-eabi/7.3.1/thumb/libgcc.a(_muldi3.o)

.debug_abbrev   0x0000000000000000      0x8c9
 .debug_abbrev  0x0000000000000000      0x1ea /usr/lib/gcc/arm-none-eabi/7.3.1/../../../arm-none-eabi/lib/thumb/libc.a(lib_a-memcpy-stub.o)
 .debug_abbrev  0x00000000000001ea      0x1de /usr/lib/gcc/arm-none-eabi/7.3.1/../../../arm-none-eabi/lib/thumb/libc.a(lib_a-memset.o)
 .debug_abbrev  0x00000000000003c8      0x1e1 /usr/lib/gcc/arm-none-eabi/7.3.1/../../../arm-none-eabi/lib/thumb/libc.a(lib_a-rand.o)
 .debug_abbrev  0x00000000000005a9      0x192 /usr/lib/gcc/arm-none-eabi/7.3.1/../../../arm-none-eabi/lib/thumb/libc.a(lib_a-impure.o)
 .debug_abbrev  0x000000000000073b      0x18e /usr/lib/gcc/arm-none-eabi/7.3.1/thumb/libgcc.a(_muldi3.o)

.debug_loc      0x0000000000000000      0x6ca
 .debug_loc     0x0000000000000000      0x33b /usr/lib/gcc/arm-none-eabi/7.3.1/../../../arm-none-eabi/lib/thumb/libc.a(lib_a-memcpy-stub.o)
 .debug_loc     0x000000000000033b      0x1a5 /usr/lib/gcc/arm-none-eabi/7.3.1/../../../arm-none-eabi/lib/thumb/libc.a(lib_a-memset.o)
 .debug_loc     0x00000000000004e0       0x4c /usr/lib/gcc/arm-none-eabi/7.3.1/../../../arm-none-eabi/lib/thumb/libc.a(lib_a-rand.o)
 .debug_loc     0x000000000000052c      0x19e /usr/lib/gcc/arm-none-eabi/7.3.1/thumb/libgcc.a(_muldi3.o)

.debug_aranges  0x0000000000000000       0x98
 .debug_aranges
                0x0000000000000000       0x20 /usr/lib/gcc/arm-none-eabi/7.3.1/../../../arm-none-eabi/lib/thumb/libc.a(lib_a-memcpy-stub.o)
 .debug_aranges
                0x0000000000000020       0x20 /usr/lib/gcc/arm-none-eabi/7.3.1/../../../arm-none-eabi/lib/thumb/libc.a(lib_a-memset.o)
 .debug_aranges
                0x0000000000000040       0x20 /usr/lib/gcc/arm-none-eabi/7.3.1/../../../arm-none-eabi/lib/thumb/libc.a(lib_a-rand.o)
 .debug_aranges
                0x0000000000000060       0x18 /usr/lib/gcc/arm-none-eabi/7.3.1/../../../arm-none-eabi/lib/thumb/libc.a(lib_a-impure.o)
 .debug_aranges
                0x0000000000000078       0x20 /usr/lib/gcc/arm-none-eabi/7.3.1/thumb/libgcc.a(_muldi3.o)

.debug_line     0x0000000000000000      0x66f
 .debug_line    0x0000000000000000      0x1b6 /usr/lib/gcc/arm-none-eabi/7.3.1/../../../arm-none-eabi/lib/thumb/libc.a(lib_a-memcpy-stub.o)
 .debug_line    0x00000000000001b6      0x1ae /usr/lib/gcc/arm-none-eabi/7.3.1/../../../arm-none-eabi/lib/thumb/libc.a(lib_a-memset.o)
 .debug_line    0x0000000000000364      0x11f /usr/lib/gcc/arm-none-eabi/7.3.1/../../../arm-none-eabi/lib/thumb/libc.a(lib_a-rand.o)
 .debug_line    0x0000000000000483       0xd1 /usr/lib/gcc/arm-none-eabi/7.3.1/../../../arm-none-eabi/lib/thumb/libc.a(lib_a-impure.o)
 .debug_line    0x0000000000000554      0x11b /usr/lib/gcc/arm-none-eabi/7.3.1/thumb/libgcc.a(_muldi3.o)

.debug_str      0x0000000000000000     0x1c4f
 .debug_str     0x0000000000000000      0x7a8 /usr/lib/gcc/arm-none-eabi/7.3.1/../../../arm-none-eabi/lib/thumb/libc.a(lib_a-memcpy-stub.o)
                                        0x8ae (size before relaxing)
 .debug_str     0x00000000000007a8       0x8c /usr/lib/gcc/arm-none-eabi/7.3.1/../../../arm-none-eabi/lib/thumb/libc.a(lib_a-memset.o)
                                        0x889 (size before relaxing)
 .debug_str     0x0000000000000834       0x75 /usr/lib/gcc/arm-none-eabi/7.3.1/../../../arm-none-eabi/lib/thumb/libc.a(lib_a-rand.o)
                                        0x570 (size before relaxing)
 .debug_str     0x00000000000008a9       0x7b /usr/lib/gcc/arm-none-eabi/7.3.1/../../../arm-none-eabi/lib/thumb/libc.a(lib_a-impure.o)
                                        0x55c (size before relaxing)
 .debug_str     0x0000000000000924     0x132b /usr/lib/gcc/arm-none-eabi/7.3.1/thumb/libgcc.a(_muldi3.o)
                                       0x13be (size before relaxing)

.debug_frame    0x0000000000000000       0xcc
 .debug_frame   0x0000000000000000       0x30 /usr/lib/gcc/arm-none-eabi/7.3.1/../../../arm-none-eabi/lib/thumb/libc.a(lib_a-memcpy-stub.o)
 .debug_frame   0x0000000000000030       0x30 /usr/lib/gcc/arm-none-eabi/7.3.1/../../../arm-none-eabi/lib/thumb/libc.a(lib_a-memset.o)
 .debug_frame   0x0000000000000060       0x38 /usr/lib/gcc/arm-none-eabi/7.3.1/../../../arm-none-eabi/lib/thumb/libc.a(lib_a-rand.o)
 .debug_frame   0x0000000000000098       0x34 /usr/lib/gcc/arm-none-eabi/7.3.1/thumb/libgcc.a(_muldi3.o)

.debug_ranges   0x0000000000000000       0x28
 .debug_ranges  0x0000000000000000       0x28 /usr/lib/gcc/arm-none-eabi/7.3.1/thumb/libgcc.a(_muldi3.o)
